Component: ARM Compiler 5.05 update 1 (build 106) Tool: armlink [4d0efa]

==============================================================================

Section Cross References

    startup_stm32f10x_hd.o(RESET) refers to startup_stm32f10x_hd.o(STACK) for __initial_sp
    startup_stm32f10x_hd.o(RESET) refers to startup_stm32f10x_hd.o(.text) for Reset_Handler
    startup_stm32f10x_hd.o(RESET) refers to stm32f10x_it.o(i.NMI_Handler) for NMI_Handler
    startup_stm32f10x_hd.o(RESET) refers to stm32f10x_it.o(i.HardFault_Handler) for HardFault_Handler
    startup_stm32f10x_hd.o(RESET) refers to stm32f10x_it.o(i.MemManage_Handler) for MemManage_Handler
    startup_stm32f10x_hd.o(RESET) refers to stm32f10x_it.o(i.BusFault_Handler) for BusFault_Handler
    startup_stm32f10x_hd.o(RESET) refers to stm32f10x_it.o(i.UsageFault_Handler) for UsageFault_Handler
    startup_stm32f10x_hd.o(RESET) refers to stm32f10x_it.o(i.SVC_Handler) for SVC_Handler
    startup_stm32f10x_hd.o(RESET) refers to stm32f10x_it.o(i.DebugMon_Handler) for DebugMon_Handler
    startup_stm32f10x_hd.o(RESET) refers to stm32f10x_it.o(i.PendSV_Handler) for PendSV_Handler
    startup_stm32f10x_hd.o(RESET) refers to stm32f10x_it.o(i.SysTick_Handler) for SysTick_Handler
    startup_stm32f10x_hd.o(RESET) refers to stm32f10x_it.o(i.USART1_IRQHandler) for USART1_IRQHandler
    startup_stm32f10x_hd.o(RESET) refers to stm32f10x_it.o(i.USART2_IRQHandler) for USART2_IRQHandler
    startup_stm32f10x_hd.o(RESET) refers to stm32f10x_it.o(i.SDIO_IRQHandler) for SDIO_IRQHandler
    startup_stm32f10x_hd.o(.text) refers to system_stm32f10x.o(i.SystemInit) for SystemInit
    startup_stm32f10x_hd.o(.text) refers to entry.o(.ARM.Collect$$$$00000000) for __main
    system_stm32f10x.o(i.SetSysClock) refers to system_stm32f10x.o(i.SetSysClockTo72) for SetSysClockTo72
    system_stm32f10x.o(i.SystemCoreClockUpdate) refers to system_stm32f10x.o(.data) for .data
    system_stm32f10x.o(i.SystemInit) refers to system_stm32f10x.o(i.SetSysClock) for SetSysClock
    stm32f10x_adc.o(i.ADC_DeInit) refers to stm32f10x_rcc.o(i.RCC_APB2PeriphResetCmd) for RCC_APB2PeriphResetCmd
    stm32f10x_bkp.o(i.BKP_DeInit) refers to stm32f10x_rcc.o(i.RCC_BackupResetCmd) for RCC_BackupResetCmd
    stm32f10x_can.o(i.CAN_DeInit) refers to stm32f10x_rcc.o(i.RCC_APB1PeriphResetCmd) for RCC_APB1PeriphResetCmd
    stm32f10x_can.o(i.CAN_GetITStatus) refers to stm32f10x_can.o(i.CheckITStatus) for CheckITStatus
    stm32f10x_cec.o(i.CEC_DeInit) refers to stm32f10x_rcc.o(i.RCC_APB1PeriphResetCmd) for RCC_APB1PeriphResetCmd
    stm32f10x_dac.o(i.DAC_DeInit) refers to stm32f10x_rcc.o(i.RCC_APB1PeriphResetCmd) for RCC_APB1PeriphResetCmd
    stm32f10x_flash.o(i.FLASH_EnableWriteProtection) refers to stm32f10x_flash.o(i.FLASH_WaitForLastOperation) for FLASH_WaitForLastOperation
    stm32f10x_flash.o(i.FLASH_EraseAllBank1Pages) refers to stm32f10x_flash.o(i.FLASH_WaitForLastBank1Operation) for FLASH_WaitForLastBank1Operation
    stm32f10x_flash.o(i.FLASH_EraseAllPages) refers to stm32f10x_flash.o(i.FLASH_WaitForLastOperation) for FLASH_WaitForLastOperation
    stm32f10x_flash.o(i.FLASH_EraseOptionBytes) refers to stm32f10x_flash.o(i.FLASH_GetReadOutProtectionStatus) for FLASH_GetReadOutProtectionStatus
    stm32f10x_flash.o(i.FLASH_EraseOptionBytes) refers to stm32f10x_flash.o(i.FLASH_WaitForLastOperation) for FLASH_WaitForLastOperation
    stm32f10x_flash.o(i.FLASH_ErasePage) refers to stm32f10x_flash.o(i.FLASH_WaitForLastOperation) for FLASH_WaitForLastOperation
    stm32f10x_flash.o(i.FLASH_ProgramHalfWord) refers to stm32f10x_flash.o(i.FLASH_WaitForLastOperation) for FLASH_WaitForLastOperation
    stm32f10x_flash.o(i.FLASH_ProgramOptionByteData) refers to stm32f10x_flash.o(i.FLASH_WaitForLastOperation) for FLASH_WaitForLastOperation
    stm32f10x_flash.o(i.FLASH_ProgramWord) refers to stm32f10x_flash.o(i.FLASH_WaitForLastOperation) for FLASH_WaitForLastOperation
    stm32f10x_flash.o(i.FLASH_ReadOutProtection) refers to stm32f10x_flash.o(i.FLASH_WaitForLastOperation) for FLASH_WaitForLastOperation
    stm32f10x_flash.o(i.FLASH_UserOptionByteConfig) refers to stm32f10x_flash.o(i.FLASH_WaitForLastOperation) for FLASH_WaitForLastOperation
    stm32f10x_flash.o(i.FLASH_WaitForLastBank1Operation) refers to stm32f10x_flash.o(i.FLASH_GetBank1Status) for FLASH_GetBank1Status
    stm32f10x_flash.o(i.FLASH_WaitForLastOperation) refers to stm32f10x_flash.o(i.FLASH_GetBank1Status) for FLASH_GetBank1Status
    stm32f10x_gpio.o(i.GPIO_AFIODeInit) refers to stm32f10x_rcc.o(i.RCC_APB2PeriphResetCmd) for RCC_APB2PeriphResetCmd
    stm32f10x_gpio.o(i.GPIO_DeInit) refers to stm32f10x_rcc.o(i.RCC_APB2PeriphResetCmd) for RCC_APB2PeriphResetCmd
    stm32f10x_i2c.o(i.I2C_DeInit) refers to stm32f10x_rcc.o(i.RCC_APB1PeriphResetCmd) for RCC_APB1PeriphResetCmd
    stm32f10x_i2c.o(i.I2C_Init) refers to stm32f10x_rcc.o(i.RCC_GetClocksFreq) for RCC_GetClocksFreq
[...]
    Removing stm32f10x_tim.o(i.TIM_SetClockDivision), (16 bytes).
    Removing stm32f10x_tim.o(i.TIM_SetCompare1), (4 bytes).
    Removing stm32f10x_tim.o(i.TIM_SetCompare2), (4 bytes).
    Removing stm32f10x_tim.o(i.TIM_SetCompare3), (4 bytes).
    Removing stm32f10x_tim.o(i.TIM_SetCompare4), (6 bytes).
    Removing stm32f10x_tim.o(i.TIM_SetCounter), (4 bytes).
    Removing stm32f10x_tim.o(i.TIM_SetIC1Prescaler), (16 bytes).
    Removing stm32f10x_tim.o(i.TIM_SetIC2Prescaler), (24 bytes).
    Removing stm32f10x_tim.o(i.TIM_SetIC3Prescaler), (16 bytes).
    Removing stm32f10x_tim.o(i.TIM_SetIC4Prescaler), (24 bytes).
    Removing stm32f10x_tim.o(i.TIM_TIxExternalClockConfig), (48 bytes).
    Removing stm32f10x_tim.o(i.TIM_TimeBaseInit), (156 bytes).
    Removing stm32f10x_tim.o(i.TIM_TimeBaseStructInit), (18 bytes).
    Removing stm32f10x_tim.o(i.TIM_UpdateDisableConfig), (24 bytes).
    Removing stm32f10x_tim.o(i.TIM_UpdateRequestConfig), (24 bytes).
    Removing stm32f10x_usart.o(i.USART_ClearFlag), (8 bytes).
    Removing stm32f10x_usart.o(i.USART_ClearITPendingBit), (16 bytes).
    Removing stm32f10x_usart.o(i.USART_ClockInit), (30 bytes).
    Removing stm32f10x_usart.o(i.USART_ClockStructInit), (12 bytes).
    Removing stm32f10x_usart.o(i.USART_DMACmd), (20 bytes).
    Removing stm32f10x_usart.o(i.USART_DeInit), (164 bytes).
    Removing stm32f10x_usart.o(i.USART_HalfDuplexCmd), (24 bytes).
    Removing stm32f10x_usart.o(i.USART_IrDACmd), (24 bytes).
    Removing stm32f10x_usart.o(i.USART_IrDAConfig), (16 bytes).
    Removing stm32f10x_usart.o(i.USART_LINBreakDetectLengthConfig), (16 bytes).
    Removing stm32f10x_usart.o(i.USART_LINCmd), (24 bytes).
    Removing stm32f10x_usart.o(i.USART_OneBitMethodCmd), (24 bytes).
    Removing stm32f10x_usart.o(i.USART_OverSampling8Cmd), (24 bytes).
    Removing stm32f10x_usart.o(i.USART_ReceiverWakeUpCmd), (24 bytes).
    Removing stm32f10x_usart.o(i.USART_SendBreak), (10 bytes).
    Removing stm32f10x_usart.o(i.USART_SetAddress), (16 bytes).
    Removing stm32f10x_usart.o(i.USART_SetGuardTime), (16 bytes).
    Removing stm32f10x_usart.o(i.USART_SetPrescaler), (16 bytes).
    Removing stm32f10x_usart.o(i.USART_SmartCardCmd), (24 bytes).
    Removing stm32f10x_usart.o(i.USART_SmartCardNACKCmd), (24 bytes).
    Removing stm32f10x_usart.o(i.USART_StructInit), (22 bytes).
    Removing stm32f10x_usart.o(i.USART_WakeUpConfig), (16 bytes).
    Removing stm32f10x_wwdg.o(i.WWDG_ClearFlag), (12 bytes).
    Removing stm32f10x_wwdg.o(i.WWDG_DeInit), (24 bytes).
    Removing stm32f10x_wwdg.o(i.WWDG_Enable), (16 bytes).
    Removing stm32f10x_wwdg.o(i.WWDG_EnableIT), (12 bytes).
    Removing stm32f10x_wwdg.o(i.WWDG_GetFlagStatus), (12 bytes).
    Removing stm32f10x_wwdg.o(i.WWDG_SetCounter), (16 bytes).
    Removing stm32f10x_wwdg.o(i.WWDG_SetPrescaler), (20 bytes).
    Removing stm32f10x_wwdg.o(i.WWDG_SetWindowValue), (32 bytes).
    Removing main.o(i.Delay), (10 bytes).
    Removing bsp_sdio_sdcard.o(i.CmdError), (42 bytes).
    Removing bsp_sdio_sdcard.o(i.CmdResp2Error), (68 bytes).
    Removing bsp_sdio_sdcard.o(i.CmdResp3Error), (52 bytes).
    Removing bsp_sdio_sdcard.o(i.CmdResp6Error), (128 bytes).
    Removing bsp_sdio_sdcard.o(i.CmdResp7Error), (68 bytes).
    Removing bsp_sdio_sdcard.o(i.FindSCR), (380 bytes).
    Removing bsp_sdio_sdcard.o(i.GPIO_Configuration), (80 bytes).
    Removing bsp_sdio_sdcard.o(i.IsCardProgramming), (360 bytes).
    Removing bsp_sdio_sdcard.o(i.SDEnWideBus), (224 bytes).
    Removing bsp_sdio_sdcard.o(i.SDIO_NVIC_Configuration), (40 bytes).
    Removing bsp_sdio_sdcard.o(i.SD_DMAEndOfTransferStatus), (12 bytes).
    Removing bsp_sdio_sdcard.o(i.SD_DMA_RxConfig), (92 bytes).
    Removing bsp_sdio_sdcard.o(i.SD_DMA_TxConfig), (96 bytes).
    Removing bsp_sdio_sdcard.o(i.SD_DeInit), (72 bytes).
    Removing bsp_sdio_sdcard.o(i.SD_EnableWideBusOperation), (140 bytes).
    Removing bsp_sdio_sdcard.o(i.SD_Erase), (260 bytes).
    Removing bsp_sdio_sdcard.o(i.SD_GetCardInfo), (580 bytes).
    Removing bsp_sdio_sdcard.o(i.SD_GetCardStatus), (132 bytes).
    Removing bsp_sdio_sdcard.o(i.SD_GetState), (26 bytes).
    Removing bsp_sdio_sdcard.o(i.SD_GetStatus), (26 bytes).
    Removing bsp_sdio_sdcard.o(i.SD_GetTransferState), (24 bytes).
    Removing bsp_sdio_sdcard.o(i.SD_Init), (96 bytes).
    Removing bsp_sdio_sdcard.o(i.SD_InitializeCards), (280 bytes).
    Removing bsp_sdio_sdcard.o(i.SD_PowerOFF), (14 bytes).
    Removing bsp_sdio_sdcard.o(i.SD_PowerON), (368 bytes).
    Removing bsp_sdio_sdcard.o(i.SD_ReadBlock), (180 bytes).
    Removing bsp_sdio_sdcard.o(i.SD_ReadMultiBlocks), (204 bytes).
    Removing bsp_sdio_sdcard.o(i.SD_SelectDeselect), (44 bytes).
    Removing bsp_sdio_sdcard.o(i.SD_SendSDStatus), (328 bytes).
    Removing bsp_sdio_sdcard.o(i.SD_SendStatus), (44 bytes).
    Removing bsp_sdio_sdcard.o(i.SD_StopTransfer), (24 bytes).
    Removing bsp_sdio_sdcard.o(i.SD_WaitReadOperation), (40 bytes).
    Removing bsp_sdio_sdcard.o(i.SD_WaitWriteOperation), (48 bytes).
    Removing bsp_sdio_sdcard.o(i.SD_WriteBlock), (176 bytes).
    Removing bsp_sdio_sdcard.o(i.SD_WriteMultiBlocks), (284 bytes).
    Removing bsp_sdio_sdcard.o(i.convert_from_bytes_to_power_of_two), (18 bytes).
    Removing bsp_sdio_sdcard.o(.bss), (196 bytes).
    Removing bsp_sdfs_app.o(i.GetGBKCode_from_sd), (120 bytes).
    Removing bsp_sdfs_app.o(i.Sd_fs_init), (24 bytes).
    Removing bsp_sdfs_app.o(i.Sd_fs_test), (200 bytes).
    Removing bsp_sdfs_app.o(i.Sdfs_new), (104 bytes).
    Removing bsp_sdfs_app.o(i.Sdfs_read), (156 bytes).
    Removing bsp_sdfs_app.o(i.Sdfs_write), (104 bytes).
    Removing bsp_sdfs_app.o(.bss), (2692 bytes).
    Removing bsp_sdfs_app.o(.bss), (548 bytes).
    Removing bsp_sdfs_app.o(.data), (524 bytes).
    Removing bsp_sdfs_app.o(.data), (512 bytes).
    Removing bsp_sdfs_app.o(.data), (4 bytes).
    Removing bsp_key.o(i.Key_Scan), (38 bytes).
    Removing bsp_key.o(i.scan), (40 bytes).
    Removing bsp_usart.o(i.fgetc), (32 bytes).
    Removing bsp_gsm_gprs.o(i.IsReceiveMS), (104 bytes).
    Removing bsp_gsm_gprs.o(i.IsRing), (120 bytes).
    Removing bsp_gsm_gprs.o(i.PostGPRS), (48 bytes).
    Removing bsp_gsm_gprs.o(i.gsm_call), (28 bytes).
    Removing bsp_gsm_gprs.o(i.gsm_cnum), (100 bytes).
    Removing bsp_gsm_gprs.o(i.gsm_gbk2ucs2), (62 bytes).
    Removing bsp_gsm_gprs.o(i.gsm_gprs_init), (172 bytes).
    Removing bsp_gsm_gprs.o(i.gsm_gprs_link_close), (48 bytes).
    Removing bsp_gsm_gprs.o(i.gsm_gprs_send), (124 bytes).
    Removing bsp_gsm_gprs.o(i.gsm_gprs_shut_close), (68 bytes).
    Removing bsp_gsm_gprs.o(i.gsm_gprs_tcp_link), (168 bytes).
    Removing bsp_gsm_gprs.o(i.gsm_gprs_udp_link), (168 bytes).
    Removing bsp_gsm_gprs.o(i.gsm_init), (124 bytes).
    Removing bsp_gsm_gprs.o(i.gsm_waitask), (44 bytes).
    Removing bsp_gsm_gprs.o(i.hexuni2gbk), (198 bytes).
    Removing bsp_gsm_gprs.o(i.readmessage), (252 bytes).
    Removing bsp_gsm_gprs.o(.bss), (80 bytes).
    Removing bsp_gsm_gprs.o(.bss), (512 bytes).
    Removing bsp_gsm_gprs.o(.bss), (256 bytes).
    Removing bsp_gsm_gprs.o(.bss), (256 bytes).
    Removing bsp_gsm_gprs.o(.constdata), (8 bytes).
    Removing bsp_gsm_gprs.o(.constdata), (14 bytes).
    Removing bsp_gsm_gprs.o(.constdata), (12 bytes).
    Removing bsp_gsm_gprs.o(.constdata), (9 bytes).
    Removing bsp_gsm_gprs.o(.constdata), (9 bytes).
    Removing bsp_gsm_gprs.o(.constdata), (9 bytes).
    Removing bsp_gsm_gprs.o(.constdata), (7 bytes).
    Removing bsp_gsm_gprs.o(.constdata), (13 bytes).
    Removing bsp_gsm_gprs.o(.constdata), (8 bytes).
    Removing bsp_gsm_gprs.o(.constdata), (13 bytes).
    Removing bsp_gsm_gprs.o(.constdata), (13 bytes).
    Removing bsp_gsm_gprs.o(.constdata), (16 bytes).
    Removing bsp_gsm_gprs.o(.constdata), (8 bytes).
    Removing bsp_gsm_gprs.o(.constdata), (12 bytes).
    Removing bsp_gsm_gprs.o(.constdata), (12 bytes).
    Removing bsp_gsm_gprs.o(.constdata), (11 bytes).
    Removing bsp_gsm_gprs.o(.constdata), (14 bytes).
    Removing bsp_gsm_gprs.o(.constdata), (18 bytes).
    Removing bsp_gsm_gprs.o(.constdata), (18 bytes).
    Removing bsp_gsm_gprs.o(.constdata), (14 bytes).
    Removing bsp_gsm_gprs.o(.constdata), (20 bytes).
    Removing bsp_gsm_gprs.o(.constdata), (20 bytes).
    Removing bsp_gsm_gprs.o(.constdata), (9 bytes).
    Removing bsp_gsm_gprs.o(.data), (1 bytes).
    Removing bsp_gsm_gprs.o(.data), (1 bytes).
    Removing dsp_adc.o(i.Alarm), (4 bytes).
    Removing dsp_adc.o(i.Delay1), (10 bytes).
    Removing lhj_oled.o(i.OLED_DrawBMP), (64 bytes).
    Removing lhj_oled.o(i.OLED_ShowBinNum), (58 bytes).
    Removing lhj_oled.o(i.OLED_ShowChinese14), (100 bytes).
    Removing lhj_oled.o(i.OLED_ShowFNum), (174 bytes).
    Removing lhj_oled.o(i.OLED_ShowHexNum), (80 bytes).
    Removing lhj_oled.o(i.OLED_ShowSignedNum), (98 bytes).
    Removing lhj_oled.o(i.OLED_ShowString), (38 bytes).
    Removing lhj_oled.o(i.extra_show), (166 bytes).
    Removing lhj_oled.o(.data), (1 bytes).
    Removing lhj_oled.o(.data), (1 bytes).
    Removing lhj_oled.o(.data), (1 bytes).
    Removing lhj_oled.o(.data), (4 bytes).
    Removing lhj_oled.o(.data), (1 bytes).
    Removing lhj_oled.o(.data), (1 bytes).
    Removing lhj_oled.o(.data), (5 bytes).
    Removing diskio.o(i.disk_initialize), (24 bytes).
    Removing diskio.o(i.disk_ioctl), (4 bytes).
    Removing diskio.o(i.disk_read), (52 bytes).
    Removing diskio.o(i.disk_status), (4 bytes).
    Removing diskio.o(i.disk_write), (52 bytes).
    Removing diskio.o(i.get_fattime), (4 bytes).
    Removing ff.o(i.check_fs), (124 bytes).
    Removing ff.o(i.chk_chr), (16 bytes).
    Removing ff.o(i.chk_mounted), (744 bytes).
    Removing ff.o(i.clust2sect), (24 bytes).
    Removing ff.o(i.cmp_lfn), (128 bytes).
    Removing ff.o(i.create_chain), (160 bytes).
    Removing ff.o(i.create_name), (560 bytes).
    Removing ff.o(i.dir_find), (188 bytes).
    Removing ff.o(i.dir_next), (264 bytes).
    Removing ff.o(i.dir_read), (168 bytes).
    Removing ff.o(i.dir_register), (346 bytes).
    Removing ff.o(i.dir_sdi), (140 bytes).
    Removing ff.o(i.f_close), (20 bytes).
    Removing ff.o(i.f_lseek), (376 bytes).
    Removing ff.o(i.f_mount), (32 bytes).
    Removing ff.o(i.f_open), (368 bytes).
    Removing ff.o(i.f_opendir), (104 bytes).
    Removing ff.o(i.f_read), (388 bytes).
    Removing ff.o(i.f_readdir), (94 bytes).
    Removing ff.o(i.f_sync), (164 bytes).
    Removing ff.o(i.f_write), (442 bytes).
    Removing ff.o(i.fit_lfn), (108 bytes).
    Removing ff.o(i.follow_path), (120 bytes).
    Removing ff.o(i.gen_numname), (130 bytes).
    Removing ff.o(i.get_fat), (202 bytes).
    Removing ff.o(i.get_fileinfo), (250 bytes).
    Removing ff.o(i.mem_cmp), (26 bytes).
    Removing ff.o(i.mem_cpy), (18 bytes).
    Removing ff.o(i.mem_set), (16 bytes).
    Removing ff.o(i.move_window), (110 bytes).
    Removing ff.o(i.pick_lfn), (112 bytes).
    Removing ff.o(i.put_fat), (246 bytes).
    Removing ff.o(i.remove_chain), (104 bytes).
    Removing ff.o(i.sum_sfn), (26 bytes).
    Removing ff.o(i.sync), (188 bytes).
    Removing ff.o(i.validate), (38 bytes).
    Removing ff.o(.constdata), (13 bytes).
    Removing ff.o(.data), (8 bytes).
    Removing cc936.o(i.ff_wtoupper), (44 bytes).
    Removing fmul.o(.text), (100 bytes).
    Removing ffltui.o(.text), (10 bytes).
    Removing ffixi.o(.text), (50 bytes).
    Removing fepilogue.o(.text), (110 bytes).
    Removing dadd.o(.text), (334 bytes).
    Removing dmul.o(.text), (228 bytes).
    Removing ddiv.o(.text), (222 bytes).
    Removing dfixul.o(.text), (48 bytes).
    Removing cdrcmple.o(.text), (48 bytes).
    Removing depilogue.o(.text), (186 bytes).

614 unused section(s) (total 38032 bytes) removed from the image.

==============================================================================

Image Symbol Table

    Local Symbols

    Symbol Name                              Value     Ov Type        Size  Object(Section)

    ../clib/microlib/ctype/ctype.c           0x00000000   Number         0  isblank_o.o ABSOLUTE
    ../clib/microlib/ctype/ctype.c           0x00000000   Number         0  isalpha_o.o ABSOLUTE
    ../clib/microlib/ctype/ctype.c           0x00000000   Number         0  isalnum_o.o ABSOLUTE
    ../clib/microlib/ctype/ctype.c           0x00000000   Number         0  ctype_o.o ABSOLUTE
    ../clib/microlib/ctype/ctype.c           0x00000000   Number         0  isxdigit_o.o ABSOLUTE
    ../clib/microlib/ctype/ctype.c           0x00000000   Number         0  isupper_o.o ABSOLUTE
    ../clib/microlib/ctype/ctype.c           0x00000000   Number         0  isspace_o.o ABSOLUTE
    ../clib/microlib/ctype/ctype.c           0x00000000   Number         0  ispunct_o.o ABSOLUTE
    ../clib/microlib/ctype/ctype.c           0x00000000   Number         0  isprint_o.o ABSOLUTE
    ../clib/microlib/ctype/ctype.c           0x00000000   Number         0  islower_o.o ABSOLUTE
    ../clib/microlib/ctype/ctype.c           0x00000000   Number         0  isgraph_o.o ABSOLUTE
    ../clib/microlib/ctype/ctype.c           0x00000000   Number         0  isdigit_o.o ABSOLUTE
    ../clib/microlib/ctype/ctype.c           0x00000000   Number         0  iscntrl_o.o ABSOLUTE
    ../clib/microlib/division.c              0x00000000   Number         0  uidiv.o ABSOLUTE
    ../clib/microlib/division.c              0x00000000   Number         0  uldiv.o ABSOLUTE
    ../clib/microlib/errno.c                 0x00000000   Number         0  errno.o ABSOLUTE
    ../clib/microlib/init/entry.s            0x00000000   Number         0  entry2.o ABSOLUTE
    ../clib/microlib/init/entry.s            0x00000000   Number         0  entry5.o ABSOLUTE
    ../clib/microlib/init/entry.s            0x00000000   Number         0  entry8a.o ABSOLUTE
    ../clib/microlib/init/entry.s            0x00000000   Number         0  entry11b.o ABSOLUTE
    ../clib/microlib/init/entry.s            0x00000000   Number         0  entry.o ABSOLUTE
    ../clib/microlib/init/entry.s            0x00000000   Number         0  entry7a.o ABSOLUTE
    ../clib/microlib/init/entry.s            0x00000000   Number         0  entry7b.o ABSOLUTE
    ../clib/microlib/init/entry.s            0x00000000   Number         0  entry11a.o ABSOLUTE
    ../clib/microlib/init/entry.s            0x00000000   Number         0  entry10b.o ABSOLUTE
    ../clib/microlib/init/entry.s            0x00000000   Number         0  entry10a.o ABSOLUTE
    ../clib/microlib/init/entry.s            0x00000000   Number         0  entry9b.o ABSOLUTE
    ../clib/microlib/init/entry.s            0x00000000   Number         0  entry9a.o ABSOLUTE
    ../clib/microlib/init/entry.s            0x00000000   Number         0  entry8b.o ABSOLUTE
    ../clib/microlib/longlong.c              0x00000000   Number         0  llsshr.o ABSOLUTE
    ../clib/microlib/longlong.c              0x00000000   Number         0  llushr.o ABSOLUTE
    ../clib/microlib/longlong.c              0x00000000   Number         0  llshl.o ABSOLUTE
    ../clib/microlib/printf/printf.c         0x00000000   Number         0  printfa.o ABSOLUTE
    ../clib/microlib/printf/printf.c         0x00000000   Number         0  printf8.o ABSOLUTE
    ../clib/microlib/printf/printf.c         0x00000000   Number         0  printf5.o ABSOLUTE
    ../clib/microlib/printf/printf.c         0x00000000   Number         0  printf6.o ABSOLUTE
    ../clib/microlib/printf/printf.c         0x00000000   Number         0  printfb.o ABSOLUTE
    ../clib/microlib/printf/printf.c         0x00000000   Number         0  printf0.o ABSOLUTE
    ../clib/microlib/printf/printf.c         0x00000000   Number         0  printf1.o ABSOLUTE
    ../clib/microlib/printf/printf.c         0x00000000   Number         0  printf2.o ABSOLUTE
    ../clib/microlib/printf/printf.c         0x00000000   Number         0  printf3.o ABSOLUTE
    ../clib/microlib/printf/printf.c         0x00000000   Number         0  printf4.o ABSOLUTE
    ../clib/microlib/printf/printf.c         0x00000000   Number         0  printf7.o ABSOLUTE
    ../clib/microlib/printf/stubs.s          0x00000000   Number         0  stubs.o ABSOLUTE
    ../clib/microlib/stdio/streams.c         0x00000000   Number         0  stdout.o ABSOLUTE
    ../clib/microlib/string/memset.c         0x00000000   Number         0  memseta.o ABSOLUTE
    ../clib/microlib/string/strcpy.c         0x00000000   Number         0  strcpy.o ABSOLUTE
    ../clib/microlib/string/strlen.c         0x00000000   Number         0  strlen.o ABSOLUTE
    ../clib/microlib/string/strstr.c         0x00000000   Number         0  strstr.o ABSOLUTE
    ../clib/microlib/string/strtok.c         0x00000000   Number         0  strtok.o ABSOLUTE
    ../clib/microlib/string/strtok.c         0x00000000   Number         0  strtok_r.o ABSOLUTE
    ../clib/microlib/stubs.s                 0x00000000   Number         0  iusefp.o ABSOLUTE
    ../clib/scanf.c                          0x00000000   Number         0  atoi.o ABSOLUTE
    ../clib/scanf.c                          0x00000000   Number         0  _chval.o ABSOLUTE
    ../clib/scanf.c                          0x00000000   Number         0  _strtoul.o ABSOLUTE
    ../clib/scanf.c                          0x00000000   Number         0  strtol.o ABSOLUTE
    ../fplib/microlib/fpadd.c                0x00000000   Number         0  dadd.o ABSOLUTE
    ../fplib/microlib/fpdiv.c                0x00000000   Number         0  ddiv.o ABSOLUTE
    ../fplib/microlib/fpepilogue.c           0x00000000   Number         0  depilogue.o ABSOLUTE
    ../fplib/microlib/fpepilogue.c           0x00000000   Number         0  fepilogue.o ABSOLUTE
    ../fplib/microlib/fpfix.c                0x00000000   Number         0  ffixi.o ABSOLUTE
    ../fplib/microlib/fpfix.c                0x00000000   Number         0  dfixul.o ABSOLUTE
    ../fplib/microlib/fpflt.c                0x00000000   Number         0  ffltui.o ABSOLUTE
    ../fplib/microlib/fpmul.c                0x00000000   Number         0  fmul.o ABSOLUTE
    ../fplib/microlib/fpmul.c                0x00000000   Number         0  dmul.o ABSOLUTE
    ..\..\Libraries\CMSIS\core_cm3.c         0x00000000   Number         0  core_cm3.o ABSOLUTE
    ..\..\Libraries\CMSIS\startup\startup_stm32f10x_hd.s 0x00000000   Number         0  startup_stm32f10x_hd.o ABSOLUTE
    ..\..\Libraries\CMSIS\system_stm32f10x.c 0x00000000   Number         0  system_stm32f10x.o ABSOLUTE
    ..\..\Libraries\FWlib\src\misc.c         0x00000000   Number         0  misc.o ABSOLUTE
    ..\..\Libraries\FWlib\src\stm32f10x_adc.c 0x00000000   Number         0  stm32f10x_adc.o ABSOLUTE
    ..\..\Libraries\FWlib\src\stm32f10x_bkp.c 0x00000000   Number         0  stm32f10x_bkp.o ABSOLUTE
    ..\..\Libraries\FWlib\src\stm32f10x_can.c 0x00000000   Number         0  stm32f10x_can.o ABSOLUTE
    ..\..\Libraries\FWlib\src\stm32f10x_cec.c 0x00000000   Number         0  stm32f10x_cec.o ABSOLUTE
    ..\..\Libraries\FWlib\src\stm32f10x_crc.c 0x00000000   Number         0  stm32f10x_crc.o ABSOLUTE
    ..\..\Libraries\FWlib\src\stm32f10x_dac.c 0x00000000   Number         0  stm32f10x_dac.o ABSOLUTE
    ..\..\Libraries\FWlib\src\stm32f10x_dbgmcu.c 0x00000000   Number         0  stm32f10x_dbgmcu.o ABSOLUTE
    ..\..\Libraries\FWlib\src\stm32f10x_dma.c 0x00000000   Number         0  stm32f10x_dma.o ABSOLUTE
    ..\..\Libraries\FWlib\src\stm32f10x_exti.c 0x00000000   Number         0  stm32f10x_exti.o ABSOLUTE
    ..\..\Libraries\FWlib\src\stm32f10x_flash.c 0x00000000   Number         0  stm32f10x_flash.o ABSOLUTE
    ..\..\Libraries\FWlib\src\stm32f10x_fsmc.c 0x00000000   Number         0  stm32f10x_fsmc.o ABSOLUTE
    ..\..\Libraries\FWlib\src\stm32f10x_gpio.c 0x00000000   Number         0  stm32f10x_gpio.o ABSOLUTE
    ..\..\Libraries\FWlib\src\stm32f10x_i2c.c 0x00000000   Number         0  stm32f10x_i2c.o ABSOLUTE
    ..\..\Libraries\FWlib\src\stm32f10x_iwdg.c 0x00000000   Number         0  stm32f10x_iwdg.o ABSOLUTE
    ..\..\Libraries\FWlib\src\stm32f10x_pwr.c 0x00000000   Number         0  stm32f10x_pwr.o ABSOLUTE
    ..\..\Libraries\FWlib\src\stm32f10x_rcc.c 0x00000000   Number         0  stm32f10x_rcc.o ABSOLUTE
    ..\..\Libraries\FWlib\src\stm32f10x_rtc.c 0x00000000   Number         0  stm32f10x_rtc.o ABSOLUTE
    ..\..\Libraries\FWlib\src\stm32f10x_sdio.c 0x00000000   Number         0  stm32f10x_sdio.o ABSOLUTE
    ..\..\Libraries\FWlib\src\stm32f10x_spi.c 0x00000000   Number         0  stm32f10x_spi.o ABSOLUTE
    ..\..\Libraries\FWlib\src\stm32f10x_tim.c 0x00000000   Number         0  stm32f10x_tim.o ABSOLUTE
    ..\..\Libraries\FWlib\src\stm32f10x_usart.c 0x00000000   Number         0  stm32f10x_usart.o ABSOLUTE
    ..\..\Libraries\FWlib\src\stm32f10x_wwdg.c 0x00000000   Number         0  stm32f10x_wwdg.o ABSOLUTE
    ..\..\User\Key\bsp_key.c                 0x00000000   Number         0  bsp_key.o ABSOLUTE
    ..\..\User\LHJ_OLED\LHJ_OLED.c           0x00000000   Number         0  lhj_oled.o ABSOLUTE
    ..\..\User\SysTick\bsp_SysTick.c         0x00000000   Number         0  bsp_systick.o ABSOLUTE
    ..\..\User\adc\dsp_adc.c                 0x00000000   Number         0  dsp_adc.o ABSOLUTE
    ..\..\User\bell.c                        0x00000000   Number         0  bell.o ABSOLUTE
    ..\..\User\dht11\bsp_dht11.c             0x00000000   Number         0  bsp_dht11.o ABSOLUTE
    ..\..\User\dwt_delay\core_delay.c        0x00000000   Number         0  core_delay.o ABSOLUTE
    ..\..\User\ff9\diskio.c                  0x00000000   Number         0  diskio.o ABSOLUTE
    ..\..\User\ff9\ff.c                      0x00000000   Number         0  ff.o ABSOLUTE
    ..\..\User\ff9\option\cc936.c            0x00000000   Number         0  cc936.o ABSOLUTE
    ..\..\User\gsm_gprs\bsp_gsm_gprs.c       0x00000000   Number         0  bsp_gsm_gprs.o ABSOLUTE
    ..\..\User\gsm_gprs\bsp_gsm_usart.c      0x00000000   Number         0  bsp_gsm_usart.o ABSOLUTE
    ..\..\User\led\bsp_led.c                 0x00000000   Number         0  bsp_led.o ABSOLUTE
    ..\..\User\main.c                        0x00000000   Number         0  main.o ABSOLUTE
    ..\..\User\sdcard\bsp_sdfs_app.c         0x00000000   Number         0  bsp_sdfs_app.o ABSOLUTE
    ..\..\User\sdcard\bsp_sdio_sdcard.c      0x00000000   Number         0  bsp_sdio_sdcard.o ABSOLUTE
    ..\..\User\stm32f10x_it.c                0x00000000   Number         0  stm32f10x_it.o ABSOLUTE
    ..\..\User\usart\bsp_usart.c             0x00000000   Number         0  bsp_usart.o ABSOLUTE
    ..\\..\\Libraries\\CMSIS\\core_cm3.c     0x00000000   Number         0  core_cm3.o ABSOLUTE
    cdrcmple.s                               0x00000000   Number         0  cdrcmple.o ABSOLUTE
    dc.s                                     0x00000000   Number         0  dc.o ABSOLUTE
    handlers.s                               0x00000000   Number         0  handlers.o ABSOLUTE
    init.s                                   0x00000000   Number         0  init.o ABSOLUTE
    RESET                                    0x08000000   Section      304  startup_stm32f10x_hd.o(RESET)
    .ARM.Collect$$$$00000000                 0x08000130   Section        0  entry.o(.ARM.Collect$$$$00000000)
    .ARM.Collect$$$$00000001                 0x08000130   Section        4  entry2.o(.ARM.Collect$$$$00000001)
    .ARM.Collect$$$$00000004                 0x08000134   Section        4  entry5.o(.ARM.Collect$$$$00000004)
    .ARM.Collect$$$$00000008                 0x08000138   Section        0  entry7b.o(.ARM.Collect$$$$00000008)
    .ARM.Collect$$$$0000000A                 0x08000138   Section        0  entry8b.o(.ARM.Collect$$$$0000000A)
    .ARM.Collect$$$$0000000B                 0x08000138   Section        8  entry9a.o(.ARM.Collect$$$$0000000B)
    .ARM.Collect$$$$0000000D                 0x08000140   Section        0  entry10a.o(.ARM.Collect$$$$0000000D)
    .ARM.Collect$$$$0000000F                 0x08000140   Section        0  entry11a.o(.ARM.Collect$$$$0000000F)
    .ARM.Collect$$$$00002712                 0x08000140   Section        4  entry2.o(.ARM.Collect$$$$00002712)
    __lit__00000000                          0x08000140   Data           4  entry2.o(.ARM.Collect$$$$00002712)
    .emb_text                                0x08000144   Section       32  core_cm3.o(.emb_text)
    .text                                    0x08000164   Section       36  startup_stm32f10x_hd.o(.text)
    .text                                    0x08000188   Section        0  strcpy.o(.text)
    .text                                    0x0800019a   Section        0  uidiv.o(.text)
    .text                                    0x080001c8   Section       36  init.o(.text)
    i.ADC_Cmd                                0x080001ec   Section        0  stm32f10x_adc.o(i.ADC_Cmd)
    i.ADC_Configuration                      0x08000204   Section        0  dsp_adc.o(i.ADC_Configuration)
    i.ADC_GetCalibrationStatus               0x08000264   Section        0  stm32f10x_adc.o(i.ADC_GetCalibrationStatus)
    i.ADC_GetConversionValue                 0x08000272   Section        0  stm32f10x_adc.o(i.ADC_GetConversionValue)
    i.ADC_GetFlagStatus                      0x08000278   Section        0  stm32f10x_adc.o(i.ADC_GetFlagStatus)
    i.ADC_GetResetCalibrationStatus          0x08000286   Section        0  stm32f10x_adc.o(i.ADC_GetResetCalibrationStatus)
    i.ADC_Init                               0x08000294   Section        0  stm32f10x_adc.o(i.ADC_Init)
    i.ADC_RegularChannelConfig               0x080002dc   Section        0  stm32f10x_adc.o(i.ADC_RegularChannelConfig)
    i.ADC_ResetCalibration                   0x08000350   Section        0  stm32f10x_adc.o(i.ADC_ResetCalibration)
    i.ADC_SoftwareStartConvCmd               0x0800035a   Section        0  stm32f10x_adc.o(i.ADC_SoftwareStartConvCmd)
    i.ADC_StartCalibration                   0x08000372   Section        0  stm32f10x_adc.o(i.ADC_StartCalibration)
    i.BusFault_Handler                       0x0800037c   Section        0  stm32f10x_it.o(i.BusFault_Handler)
    i.CPU_TS_TmrInit                         0x08000380   Section        0  core_delay.o(i.CPU_TS_TmrInit)
    i.CPU_TS_TmrRd                           0x080003a4   Section        0  core_delay.o(i.CPU_TS_TmrRd)
    i.CPU_TS_Tmr_Delay_US                    0x080003b0   Section        0  core_delay.o(i.CPU_TS_Tmr_Delay_US)
    i.CmdResp1Error                          0x080003f8   Section        0  bsp_sdio_sdcard.o(i.CmdResp1Error)
    CmdResp1Error                            0x080003f9   Thumb Code    24  bsp_sdio_sdcard.o(i.CmdResp1Error)
    i.DHT11_GPIO_Config                      0x08000414   Section        0  bsp_dht11.o(i.DHT11_GPIO_Config)
    DHT11_GPIO_Config                        0x08000415   Thumb Code    38  bsp_dht11.o(i.DHT11_GPIO_Config)
    i.DHT11_Init                             0x08000440   Section        0  bsp_dht11.o(i.DHT11_Init)
    i.DHT11_Mode_IPU                         0x08000458   Section        0  bsp_dht11.o(i.DHT11_Mode_IPU)
    DHT11_Mode_IPU                           0x08000459   Thumb Code    24  bsp_dht11.o(i.DHT11_Mode_IPU)
    i.DHT11_Mode_Out_PP                      0x08000474   Section        0  bsp_dht11.o(i.DHT11_Mode_Out_PP)
    DHT11_Mode_Out_PP                        0x08000475   Thumb Code    30  bsp_dht11.o(i.DHT11_Mode_Out_PP)
    i.DHT11_ReadByte                         0x08000498   Section        0  bsp_dht11.o(i.DHT11_ReadByte)
    DHT11_ReadByte                           0x08000499   Thumb Code    92  bsp_dht11.o(i.DHT11_ReadByte)
    i.DHT11_Read_TempAndHumidity             0x080004f8   Section        0  bsp_dht11.o(i.DHT11_Read_TempAndHumidity)
    i.DebugMon_Handler                       0x080005a4   Section        0  stm32f10x_it.o(i.DebugMon_Handler)
    i.Delay_ms                               0x080005a6   Section        0  bsp_systick.o(i.Delay_ms)
    i.Delay_us                               0x080005c0   Section        0  bsp_systick.o(i.Delay_us)
    i.GPIO_Configuration                     0x080005e0   Section        0  dsp_adc.o(i.GPIO_Configuration)
    i.GPIO_Init                              0x08000604   Section        0  stm32f10x_gpio.o(i.GPIO_Init)
    i.GPIO_ReadInputDataBit                  0x080006aa   Section        0  stm32f10x_gpio.o(i.GPIO_ReadInputDataBit)
    i.GPIO_ResetBits                         0x080006b8   Section        0  stm32f10x_gpio.o(i.GPIO_ResetBits)
    i.GPIO_SetBits                           0x080006bc   Section        0  stm32f10x_gpio.o(i.GPIO_SetBits)
    i.GPIO_WriteBit                          0x080006c0   Section        0  stm32f10x_gpio.o(i.GPIO_WriteBit)
    i.GSM_Init                               0x080006cc   Section        0  bsp_gsm_gprs.o(i.GSM_Init)
    i.GSM_NVIC_Config                        0x08000884   Section        0  bsp_gsm_usart.o(i.GSM_NVIC_Config)
    GSM_NVIC_Config                          0x08000885   Thumb Code    38  bsp_gsm_usart.o(i.GSM_NVIC_Config)
    i.GSM_Sent                               0x080008ac   Section        0  bsp_gsm_gprs.o(i.GSM_Sent)
    i.GSM_USART_Config                       0x080009b8   Section        0  bsp_gsm_usart.o(i.GSM_USART_Config)
    i.GSM_USART_printf                       0x08000a48   Section        0  bsp_gsm_usart.o(i.GSM_USART_printf)
    i.GetSmokeDensity                        0x08000b30   Section        0  dsp_adc.o(i.GetSmokeDensity)
    i.HardFault_Handler                      0x08000b64   Section        0  stm32f10x_it.o(i.HardFault_Handler)
    i.Init_Smoke                             0x08000b66   Section        0  dsp_adc.o(i.Init_Smoke)
    i.IsASSIC                                0x08000b74   Section        0  bsp_gsm_gprs.o(i.IsASSIC)
    i.IsInsertCard                           0x08000b8c   Section        0  bsp_gsm_gprs.o(i.IsInsertCard)
    i.KEY1_Scan                              0x08000bb0   Section        0  bsp_key.o(i.KEY1_Scan)
    i.KEY2_Scan                              0x08000cb0   Section        0  bsp_key.o(i.KEY2_Scan)
    i.KEY_GPIO_Config                        0x08000d58   Section        0  bsp_key.o(i.KEY_GPIO_Config)
    i.LED_GPIO_Config                        0x08000db4   Section        0  bsp_led.o(i.LED_GPIO_Config)
    i.LED_TURN_BLUE                          0x08000dfc   Section        0  bsp_led.o(i.LED_TURN_BLUE)
    i.LED_TURN_GREEN                         0x08000e20   Section        0  bsp_led.o(i.LED_TURN_GREEN)
    i.LED_TURN_RED                           0x08000e44   Section        0  bsp_led.o(i.LED_TURN_RED)
    i.MemManage_Handler                      0x08000e68   Section        0  stm32f10x_it.o(i.MemManage_Handler)
    i.Mode_Change                            0x08000e6c   Section        0  lhj_oled.o(i.Mode_Change)
    i.Motor_Init                             0x08000ecc   Section        0  bell.o(i.Motor_Init)
    i.NMI_Handler                            0x08000ef8   Section        0  stm32f10x_it.o(i.NMI_Handler)
    i.NVIC_Configuration                     0x08000efa   Section        0  bsp_usart.o(i.NVIC_Configuration)
    NVIC_Configuration                       0x08000efb   Thumb Code    40  bsp_usart.o(i.NVIC_Configuration)
    i.NVIC_Init                              0x08000f24   Section        0  misc.o(i.NVIC_Init)
    i.NVIC_PriorityGroupConfig               0x08000f88   Section        0  misc.o(i.NVIC_PriorityGroupConfig)
    i.OLED                                   0x08000f9c   Section        0  main.o(i.OLED)
    i.OLED_Clear                             0x08000fb6   Section        0  lhj_oled.o(i.OLED_Clear)
    i.OLED_I2C_Init                          0x08000fdc   Section        0  lhj_oled.o(i.OLED_I2C_Init)
    i.OLED_I2C_SendByte                      0x0800102c   Section        0  lhj_oled.o(i.OLED_I2C_SendByte)
    i.OLED_I2C_Start                         0x08001080   Section        0  lhj_oled.o(i.OLED_I2C_Start)
    i.OLED_I2C_Stop                          0x080010b4   Section        0  lhj_oled.o(i.OLED_I2C_Stop)
    i.OLED_Init                              0x080010e0   Section        0  lhj_oled.o(i.OLED_Init)
    i.OLED_Pow                               0x0800118c   Section        0  lhj_oled.o(i.OLED_Pow)
    i.OLED_SHOW1                             0x0800119c   Section        0  lhj_oled.o(i.OLED_SHOW1)
    i.OLED_SHOW_SET                          0x08001260   Section        0  lhj_oled.o(i.OLED_SHOW_SET)
    i.OLED_SetCursor                         0x080012fc   Section        0  lhj_oled.o(i.OLED_SetCursor)
    i.OLED_ShowChar                          0x08001320   Section        0  lhj_oled.o(i.OLED_ShowChar)
    i.OLED_ShowChinese                       0x08001378   Section        0  lhj_oled.o(i.OLED_ShowChinese)
    i.OLED_ShowNum                           0x080013d8   Section        0  lhj_oled.o(i.OLED_ShowNum)
    i.OLED_WriteCommand                      0x08001418   Section        0  lhj_oled.o(i.OLED_WriteCommand)
    i.OLED_WriteData                         0x0800143a   Section        0  lhj_oled.o(i.OLED_WriteData)
    i.PendSV_Handler                         0x0800145c   Section        0  stm32f10x_it.o(i.PendSV_Handler)
    i.RCC_APB1PeriphClockCmd                 0x08001460   Section        0  stm32f10x_rcc.o(i.RCC_APB1PeriphClockCmd)
    i.RCC_APB2PeriphClockCmd                 0x0800147c   Section        0  stm32f10x_rcc.o(i.RCC_APB2PeriphClockCmd)
    i.RCC_GetClocksFreq                      0x08001498   Section        0  stm32f10x_rcc.o(i.RCC_GetClocksFreq)
    i.SDIO_ClearITPendingBit                 0x08001544   Section        0  stm32f10x_sdio.o(i.SDIO_ClearITPendingBit)
    i.SDIO_IRQHandler                        0x08001550   Section        0  stm32f10x_it.o(i.SDIO_IRQHandler)
    i.SDIO_ITConfig                          0x08001554   Section        0  stm32f10x_sdio.o(i.SDIO_ITConfig)
    i.SD_ProcessIRQSrc                       0x08001570   Section        0  bsp_sdio_sdcard.o(i.SD_ProcessIRQSrc)
    i.SVC_Handler                            0x080015b4   Section        0  stm32f10x_it.o(i.SVC_Handler)
    i.Select_change                          0x080015b8   Section        0  lhj_oled.o(i.Select_change)
    i.SetSysClock                            0x080015f8   Section        0  system_stm32f10x.o(i.SetSysClock)
    SetSysClock                              0x080015f9   Thumb Code     4  system_stm32f10x.o(i.SetSysClock)
    i.SetSysClockTo72                        0x080015fc   Section        0  system_stm32f10x.o(i.SetSysClockTo72)
    SetSysClockTo72                          0x080015fd   Thumb Code   166  system_stm32f10x.o(i.SetSysClockTo72)
    i.SysTick_Handler                        0x080016ac   Section        0  stm32f10x_it.o(i.SysTick_Handler)
    i.SysTick_Init                           0x080016b0   Section        0  bsp_systick.o(i.SysTick_Init)
    i.SystemInit                             0x080016fc   Section        0  system_stm32f10x.o(i.SystemInit)
    i.TimingDelay_Decrement                  0x0800174c   Section        0  bsp_systick.o(i.TimingDelay_Decrement)
    i.USART1_IRQHandler                      0x08001760   Section        0  stm32f10x_it.o(i.USART1_IRQHandler)
    i.USART2_IRQHandler                      0x08001790   Section        0  stm32f10x_it.o(i.USART2_IRQHandler)
    i.USART_Cmd                              0x08001794   Section        0  stm32f10x_usart.o(i.USART_Cmd)
    i.USART_Config                           0x080017ac   Section        0  bsp_usart.o(i.USART_Config)
    i.USART_GetFlagStatus                    0x08001840   Section        0  stm32f10x_usart.o(i.USART_GetFlagStatus)
    i.USART_GetITStatus                      0x0800184e   Section        0  stm32f10x_usart.o(i.USART_GetITStatus)
    i.USART_ITConfig                         0x0800188e   Section        0  stm32f10x_usart.o(i.USART_ITConfig)
    i.USART_Init                             0x080018c4   Section        0  stm32f10x_usart.o(i.USART_Init)
    i.USART_ReceiveData                      0x08001980   Section        0  stm32f10x_usart.o(i.USART_ReceiveData)
    i.USART_SendData                         0x08001988   Section        0  stm32f10x_usart.o(i.USART_SendData)
    i.UsageFault_Handler                     0x08001990   Section        0  stm32f10x_it.o(i.UsageFault_Handler)
    i.Warm_unlock                            0x08001994   Section        0  bell.o(i.Warm_unlock)
    i.Warming_Scan                           0x08001a28   Section        0  bell.o(i.Warming_Scan)
    i.__0printf$3                            0x08001b08   Section        0  printf3.o(i.__0printf$3)
    i.__0sprintf$3                           0x08001b28   Section        0  printf3.o(i.__0sprintf$3)
    i.__scatterload_copy                     0x08001b50   Section       14  handlers.o(i.__scatterload_copy)
    i.__scatterload_null                     0x08001b5e   Section        2  handlers.o(i.__scatterload_null)
    i.__scatterload_zeroinit                 0x08001b60   Section       14  handlers.o(i.__scatterload_zeroinit)
    i._printf_core                           0x08001b70   Section        0  printf3.o(i._printf_core)
    _printf_core                             0x08001b71   Thumb Code   436  printf3.o(i._printf_core)
    i._sputc                                 0x08001d28   Section        0  printf3.o(i._sputc)
    _sputc                                   0x08001d29   Thumb Code    10  printf3.o(i._sputc)
    i.bell                                   0x08001d34   Section        0  bell.o(i.bell)
    i.bell_off                               0x08001d60   Section        0  bell.o(i.bell_off)
    i.bell_on                                0x08001d6c   Section        0  bell.o(i.bell_on)
    i.bsp_GSM_USART_IRQHandler               0x08001d78   Section        0  bsp_gsm_usart.o(i.bsp_GSM_USART_IRQHandler)
    i.clean_rebuff                           0x08001db4   Section        0  bsp_gsm_usart.o(i.clean_rebuff)
    i.dht11_analyse                          0x08001dd8   Section        0  bsp_dht11.o(i.dht11_analyse)
    i.ff_convert                             0x08001ddc   Section        0  cc936.o(i.ff_convert)
    i.fputc                                  0x08001e34   Section        0  bsp_usart.o(i.fputc)
    i.get_rebuff                             0x08001e58   Section        0  bsp_gsm_usart.o(i.get_rebuff)
    i.gsm_char2hex                           0x08001e6c   Section        0  bsp_gsm_gprs.o(i.gsm_char2hex)
    i.gsm_cmd                                0x08001ea0   Section        0  bsp_gsm_gprs.o(i.gsm_cmd)
    i.gsm_cmd_check                          0x08001ed0   Section        0  bsp_gsm_gprs.o(i.gsm_cmd_check)
    i.gsm_gbk2ucs2hex                        0x08001f16   Section        0  bsp_gsm_gprs.o(i.gsm_gbk2ucs2hex)
    i.gsm_sms                                0x08001f6c   Section        0  bsp_gsm_gprs.o(i.gsm_sms)
    i.itoa                                   0x080020a8   Section        0  bsp_gsm_usart.o(i.itoa)
    itoa                                     0x080020a9   Thumb Code    92  bsp_gsm_usart.o(i.itoa)
    i.led_change                             0x08002104   Section        0  bsp_led.o(i.led_change)
    i.line_one_show                          0x08002138   Section        0  lhj_oled.o(i.line_one_show)
    i.line_three_show                        0x08002188   Section        0  lhj_oled.o(i.line_three_show)
    i.line_two_show                          0x080021dc   Section        0  lhj_oled.o(i.line_two_show)
    i.main                                   0x0800222c   Section        0  main.o(i.main)
    i.sentmessage                            0x080022b0   Section        0  bell.o(i.sentmessage)
    i.super_smoke                            0x080022cc   Section        0  dsp_adc.o(i.super_smoke)
    i.warm_state_change                      0x080022ec   Section        0  bsp_led.o(i.warm_state_change)
    .constdata                               0x08002318   Section       12  bsp_gsm_gprs.o(.constdata)
    .constdata                               0x08002324   Section     7408  lhj_oled.o(.constdata)
    .constdata                               0x08004014   Section    175304  cc936.o(.constdata)
    uni2oem                                  0x08004014   Data       87172  cc936.o(.constdata)
    oem2uni                                  0x08019498   Data       87172  cc936.o(.constdata)
    tbl_lower                                0x0802e91c   Data         480  cc936.o(.constdata)
    tbl_upper                                0x0802eafc   Data         480  cc936.o(.constdata)
    .conststring                             0x0802ecdc   Section      136  bsp_gsm_gprs.o(.conststring)
    .data                                    0x20000000   Section       20  system_stm32f10x.o(.data)
    .data                                    0x20000014   Section       20  stm32f10x_rcc.o(.data)
    ADCPrescTable                            0x20000014   Data           4  stm32f10x_rcc.o(.data)
    APBAHBPrescTable                         0x20000018   Data          16  stm32f10x_rcc.o(.data)
    .data                                    0x20000028   Section       20  bsp_sdio_sdcard.o(.data)
    CardType                                 0x2000002c   Data           4  bsp_sdio_sdcard.o(.data)
    RCA                                      0x20000030   Data           4  bsp_sdio_sdcard.o(.data)
    .data                                    0x2000003c   Section        4  bsp_systick.o(.data)
    TimingDelay                              0x2000003c   Data           4  bsp_systick.o(.data)
    .data                                    0x20000040   Section        7  bsp_key.o(.data)
    lock                                     0x20000045   Data           1  bsp_key.o(.data)
    lock                                     0x20000046   Data           1  bsp_key.o(.data)
    .data                                    0x20000047   Section        2  bsp_gsm_gprs.o(.data)
    MaxMessAdd                               0x20000047   Data           1  bsp_gsm_gprs.o(.data)
    .data                                    0x20000049   Section        1  bsp_gsm_usart.o(.data)
    .data                                    0x2000004c   Section        8  dsp_adc.o(.data)
    .data                                    0x20000054   Section        2  bell.o(.data)
    .data                                    0x20000056   Section        2  bsp_dht11.o(.data)
    .data                                    0x20000058   Section        1  bsp_led.o(.data)
    .data                                    0x2000005c   Section        8  lhj_oled.o(.data)
    .data                                    0x20000064   Section        4  stdout.o(.data)
    .bss                                     0x20000068   Section      100  bsp_gsm_gprs.o(.bss)
    .bss                                     0x200000cc   Section      255  bsp_gsm_usart.o(.bss)
    STACK                                    0x200001d0   Section     2048  startup_stm32f10x_hd.o(STACK)

    Global Symbols

    Symbol Name                              Value     Ov Type        Size  Object(Section)

    BuildAttributes$$THM_ISAv4$P$D$K$B$S$PE$A:L22UL41UL21$X:L11$S22US41US21$IEEE1$IW$USESV6$~STKCKD$USESV7$~SHL$OTIME$ROPI$EBA8$MICROLIB$REQ8$PRES8$EABIv2 0x00000000   Number         0  anon$$obj.o ABSOLUTE
    __ARM_use_no_argv                        0x00000000   Number         0  main.o ABSOLUTE
    _printf_a                                0x00000000   Number         0  stubs.o ABSOLUTE
    _printf_c                                0x00000000   Number         0  stubs.o ABSOLUTE
    _printf_charcount                        0x00000000   Number         0  stubs.o ABSOLUTE
    _printf_d                                0x00000000   Number         0  stubs.o ABSOLUTE
    _printf_e                                0x00000000   Number         0  stubs.o ABSOLUTE
    _printf_f                                0x00000000   Number         0  stubs.o ABSOLUTE
    _printf_flags                            0x00000000   Number         0  stubs.o ABSOLUTE
    _printf_fp_dec                           0x00000000   Number         0  stubs.o ABSOLUTE
    _printf_fp_hex                           0x00000000   Number         0  stubs.o ABSOLUTE
    _printf_g                                0x00000000   Number         0  stubs.o ABSOLUTE
    _printf_i                                0x00000000   Number         0  stubs.o ABSOLUTE
    _printf_int_dec                          0x00000000   Number         0  stubs.o ABSOLUTE
    _printf_l                                0x00000000   Number         0  stubs.o ABSOLUTE
    _printf_lc                               0x00000000   Number         0  stubs.o ABSOLUTE
    _printf_ll                               0x00000000   Number         0  stubs.o ABSOLUTE
    _printf_lld                              0x00000000   Number         0  stubs.o ABSOLUTE
    _printf_lli                              0x00000000   Number         0  stubs.o ABSOLUTE
    _printf_llo                              0x00000000   Number         0  stubs.o ABSOLUTE
    _printf_llu                              0x00000000   Number         0  stubs.o ABSOLUTE
    _printf_llx                              0x00000000   Number         0  stubs.o ABSOLUTE
    _printf_longlong_dec                     0x00000000   Number         0  stubs.o ABSOLUTE
    _printf_longlong_hex                     0x00000000   Number         0  stubs.o ABSOLUTE
    _printf_longlong_oct                     0x00000000   Number         0  stubs.o ABSOLUTE
    _printf_ls                               0x00000000   Number         0  stubs.o ABSOLUTE
    _printf_mbtowc                           0x00000000   Number         0  stubs.o ABSOLUTE
    _printf_n                                0x00000000   Number         0  stubs.o ABSOLUTE
    _printf_o                                0x00000000   Number         0  stubs.o ABSOLUTE
    _printf_p                                0x00000000   Number         0  stubs.o ABSOLUTE
    _printf_percent                          0x00000000   Number         0  stubs.o ABSOLUTE
    _printf_pre_padding                      0x00000000   Number         0  stubs.o ABSOLUTE
    _printf_return_value                     0x00000000   Number         0  stubs.o ABSOLUTE
    _printf_s                                0x00000000   Number         0  stubs.o ABSOLUTE
    _printf_sizespec                         0x00000000   Number         0  stubs.o ABSOLUTE
    _printf_str                              0x00000000   Number         0  stubs.o ABSOLUTE
    _printf_truncate_signed                  0x00000000   Number         0  stubs.o ABSOLUTE
    _printf_truncate_unsigned                0x00000000   Number         0  stubs.o ABSOLUTE
    _printf_u                                0x00000000   Number         0  stubs.o ABSOLUTE
    _printf_wc                               0x00000000   Number         0  stubs.o ABSOLUTE
    _printf_wctomb                           0x00000000   Number         0  stubs.o ABSOLUTE
    _printf_widthprec                        0x00000000   Number         0  stubs.o ABSOLUTE
    _printf_x                                0x00000000   Number         0  stubs.o ABSOLUTE
    __cpp_initialize__aeabi_                  - Undefined Weak Reference
    __cxa_finalize                            - Undefined Weak Reference
    __decompress                              - Undefined Weak Reference
    _clock_init                               - Undefined Weak Reference
    _microlib_exit                            - Undefined Weak Reference
    __Vectors_Size                           0x00000130   Number         0  startup_stm32f10x_hd.o ABSOLUTE
    __Vectors                                0x08000000   Data           4  startup_stm32f10x_hd.o(RESET)
    __Vectors_End                            0x08000130   Data           0  startup_stm32f10x_hd.o(RESET)
    __main                                   0x08000131   Thumb Code     0  entry.o(.ARM.Collect$$$$00000000)
    _main_stk                                0x08000131   Thumb Code     0  entry2.o(.ARM.Collect$$$$00000001)
    _main_scatterload                        0x08000135   Thumb Code     0  entry5.o(.ARM.Collect$$$$00000004)
    __main_after_scatterload                 0x08000139   Thumb Code     0  entry5.o(.ARM.Collect$$$$00000004)
    _main_clock                              0x08000139   Thumb Code     0  entry7b.o(.ARM.Collect$$$$00000008)
    _main_cpp_init                           0x08000139   Thumb Code     0  entry8b.o(.ARM.Collect$$$$0000000A)
    _main_init                               0x08000139   Thumb Code     0  entry9a.o(.ARM.Collect$$$$0000000B)
    __rt_final_cpp                           0x08000141   Thumb Code     0  entry10a.o(.ARM.Collect$$$$0000000D)
    __rt_final_exit                          0x08000141   Thumb Code     0  entry11a.o(.ARM.Collect$$$$0000000F)
    __get_PSP                                0x08000145   Thumb Code     6  core_cm3.o(.emb_text)
    __set_PSP                                0x0800014b   Thumb Code     6  core_cm3.o(.emb_text)
    __get_MSP                                0x08000151   Thumb Code     6  core_cm3.o(.emb_text)
    __set_MSP                                0x08000157   Thumb Code     6  core_cm3.o(.emb_text)
    __REV16                                  0x0800015d   Thumb Code     4  core_cm3.o(.emb_text)
    __REVSH                                  0x08000161   Thumb Code     4  core_cm3.o(.emb_text)
    Reset_Handler                            0x08000165   Thumb Code     8  startup_stm32f10x_hd.o(.text)
    ADC1_2_IRQHandler                        0x0800017f   Thumb Code     0  startup_stm32f10x_hd.o(.text)
    ADC3_IRQHandler                          0x0800017f   Thumb Code     0  startup_stm32f10x_hd.o(.text)
    CAN1_RX1_IRQHandler                      0x0800017f   Thumb Code     0  startup_stm32f10x_hd.o(.text)
    CAN1_SCE_IRQHandler                      0x0800017f   Thumb Code     0  startup_stm32f10x_hd.o(.text)
    DMA1_Channel1_IRQHandler                 0x0800017f   Thumb Code     0  startup_stm32f10x_hd.o(.text)
    DMA1_Channel2_IRQHandler                 0x0800017f   Thumb Code     0  startup_stm32f10x_hd.o(.text)
    DMA1_Channel3_IRQHandler                 0x0800017f   Thumb Code     0  startup_stm32f10x_hd.o(.text)
    DMA1_Channel4_IRQHandler                 0x0800017f   Thumb Code     0  startup_stm32f10x_hd.o(.text)
    DMA1_Channel5_IRQHandler                 0x0800017f   Thumb Code     0  startup_stm32f10x_hd.o(.text)
    DMA1_Channel6_IRQHandler                 0x0800017f   Thumb Code     0  startup_stm32f10x_hd.o(.text)
    DMA1_Channel7_IRQHandler                 0x0800017f   Thumb Code     0  startup_stm32f10x_hd.o(.text)
    DMA2_Channel1_IRQHandler                 0x0800017f   Thumb Code     0  startup_stm32f10x_hd.o(.text)
    DMA2_Channel2_IRQHandler                 0x0800017f   Thumb Code     0  startup_stm32f10x_hd.o(.text)
    DMA2_Channel3_IRQHandler                 0x0800017f   Thumb Code     0  startup_stm32f10x_hd.o(.text)
    DMA2_Channel4_5_IRQHandler               0x0800017f   Thumb Code     0  startup_stm32f10x_hd.o(.text)
    EXTI0_IRQHandler                         0x0800017f   Thumb Code     0  startup_stm32f10x_hd.o(.text)
    EXTI15_10_IRQHandler                     0x0800017f   Thumb Code     0  startup_stm32f10x_hd.o(.text)
    EXTI1_IRQHandler                         0x0800017f   Thumb Code     0  startup_stm32f10x_hd.o(.text)
    EXTI2_IRQHandler                         0x0800017f   Thumb Code     0  startup_stm32f10x_hd.o(.text)
    EXTI3_IRQHandler                         0x0800017f   Thumb Code     0  startup_stm32f10x_hd.o(.text)
    EXTI4_IRQHandler                         0x0800017f   Thumb Code     0  startup_stm32f10x_hd.o(.text)
    EXTI9_5_IRQHandler                       0x0800017f   Thumb Code     0  startup_stm32f10x_hd.o(.text)
    FLASH_IRQHandler                         0x0800017f   Thumb Code     0  startup_stm32f10x_hd.o(.text)
    FSMC_IRQHandler                          0x0800017f   Thumb Code     0  startup_stm32f10x_hd.o(.text)
    I2C1_ER_IRQHandler                       0x0800017f   Thumb Code     0  startup_stm32f10x_hd.o(.text)
    I2C1_EV_IRQHandler                       0x0800017f   Thumb Code     0  startup_stm32f10x_hd.o(.text)
    I2C2_ER_IRQHandler                       0x0800017f   Thumb Code     0  startup_stm32f10x_hd.o(.text)
    I2C2_EV_IRQHandler                       0x0800017f   Thumb Code     0  startup_stm32f10x_hd.o(.text)
    PVD_IRQHandler                           0x0800017f   Thumb Code     0  startup_stm32f10x_hd.o(.text)
    RCC_IRQHandler                           0x0800017f   Thumb Code     0  startup_stm32f10x_hd.o(.text)
    RTCAlarm_IRQHandler                      0x0800017f   Thumb Code     0  startup_stm32f10x_hd.o(.text)
    RTC_IRQHandler                           0x0800017f   Thumb Code     0  startup_stm32f10x_hd.o(.text)
    SPI1_IRQHandler                          0x0800017f   Thumb Code     0  startup_stm32f10x_hd.o(.text)
    SPI2_IRQHandler                          0x0800017f   Thumb Code     0  startup_stm32f10x_hd.o(.text)
    SPI3_IRQHandler                          0x0800017f   Thumb Code     0  startup_stm32f10x_hd.o(.text)
    TAMPER_IRQHandler                        0x0800017f   Thumb Code     0  startup_stm32f10x_hd.o(.text)
    TIM1_BRK_IRQHandler                      0x0800017f   Thumb Code     0  startup_stm32f10x_hd.o(.text)
    TIM1_CC_IRQHandler                       0x0800017f   Thumb Code     0  startup_stm32f10x_hd.o(.text)
    TIM1_TRG_COM_IRQHandler                  0x0800017f   Thumb Code     0  startup_stm32f10x_hd.o(.text)
    TIM1_UP_IRQHandler                       0x0800017f   Thumb Code     0  startup_stm32f10x_hd.o(.text)
    TIM2_IRQHandler                          0x0800017f   Thumb Code     0  startup_stm32f10x_hd.o(.text)
    TIM3_IRQHandler                          0x0800017f   Thumb Code     0  startup_stm32f10x_hd.o(.text)
    TIM4_IRQHandler                          0x0800017f   Thumb Code     0  startup_stm32f10x_hd.o(.text)
    TIM5_IRQHandler                          0x0800017f   Thumb Code     0  startup_stm32f10x_hd.o(.text)
    TIM6_IRQHandler                          0x0800017f   Thumb Code     0  startup_stm32f10x_hd.o(.text)
    TIM7_IRQHandler                          0x0800017f   Thumb Code     0  startup_stm32f10x_hd.o(.text)
    TIM8_BRK_IRQHandler                      0x0800017f   Thumb Code     0  startup_stm32f10x_hd.o(.text)
    TIM8_CC_IRQHandler                       0x0800017f   Thumb Code     0  startup_stm32f10x_hd.o(.text)
    TIM8_TRG_COM_IRQHandler                  0x0800017f   Thumb Code     0  startup_stm32f10x_hd.o(.text)
    TIM8_UP_IRQHandler                       0x0800017f   Thumb Code     0  startup_stm32f10x_hd.o(.text)
    UART4_IRQHandler                         0x0800017f   Thumb Code     0  startup_stm32f10x_hd.o(.text)
    UART5_IRQHandler                         0x0800017f   Thumb Code     0  startup_stm32f10x_hd.o(.text)
    USART3_IRQHandler                        0x0800017f   Thumb Code     0  startup_stm32f10x_hd.o(.text)
    USBWakeUp_IRQHandler                     0x0800017f   Thumb Code     0  startup_stm32f10x_hd.o(.text)
    USB_HP_CAN1_TX_IRQHandler                0x0800017f   Thumb Code     0  startup_stm32f10x_hd.o(.text)
    USB_LP_CAN1_RX0_IRQHandler               0x0800017f   Thumb Code     0  startup_stm32f10x_hd.o(.text)
    WWDG_IRQHandler                          0x0800017f   Thumb Code     0  startup_stm32f10x_hd.o(.text)
    strcpy                                   0x08000189   Thumb Code    18  strcpy.o(.text)
    __aeabi_uidiv                            0x0800019b   Thumb Code     0  uidiv.o(.text)
    __aeabi_uidivmod                         0x0800019b   Thumb Code    44  uidiv.o(.text)
    __scatterload                            0x080001c9   Thumb Code    28  init.o(.text)
    __scatterload_rt2                        0x080001c9   Thumb Code     0  init.o(.text)
    ADC_Cmd                                  0x080001ed   Thumb Code    24  stm32f10x_adc.o(i.ADC_Cmd)
    ADC_Configuration                        0x08000205   Thumb Code    92  dsp_adc.o(i.ADC_Configuration)
    ADC_GetCalibrationStatus                 0x08000265   Thumb Code    14  stm32f10x_adc.o(i.ADC_GetCalibrationStatus)
    ADC_GetConversionValue                   0x08000273   Thumb Code     6  stm32f10x_adc.o(i.ADC_GetConversionValue)
    ADC_GetFlagStatus                        0x08000279   Thumb Code    14  stm32f10x_adc.o(i.ADC_GetFlagStatus)
    ADC_GetResetCalibrationStatus            0x08000287   Thumb Code    14  stm32f10x_adc.o(i.ADC_GetResetCalibrationStatus)
    ADC_Init                                 0x08000295   Thumb Code    62  stm32f10x_adc.o(i.ADC_Init)
    ADC_RegularChannelConfig                 0x080002dd   Thumb Code   116  stm32f10x_adc.o(i.ADC_RegularChannelConfig)
    ADC_ResetCalibration                     0x08000351   Thumb Code    10  stm32f10x_adc.o(i.ADC_ResetCalibration)
    ADC_SoftwareStartConvCmd                 0x0800035b   Thumb Code    24  stm32f10x_adc.o(i.ADC_SoftwareStartConvCmd)
    ADC_StartCalibration                     0x08000373   Thumb Code    10  stm32f10x_adc.o(i.ADC_StartCalibration)
    BusFault_Handler                         0x0800037d   Thumb Code     2  stm32f10x_it.o(i.BusFault_Handler)
    CPU_TS_TmrInit                           0x08000381   Thumb Code    26  core_delay.o(i.CPU_TS_TmrInit)
    CPU_TS_TmrRd                             0x080003a5   Thumb Code     6  core_delay.o(i.CPU_TS_TmrRd)
    CPU_TS_Tmr_Delay_US                      0x080003b1   Thumb Code    62  core_delay.o(i.CPU_TS_Tmr_Delay_US)
    DHT11_Init                               0x08000441   Thumb Code    18  bsp_dht11.o(i.DHT11_Init)
    DHT11_Read_TempAndHumidity               0x080004f9   Thumb Code   162  bsp_dht11.o(i.DHT11_Read_TempAndHumidity)
    DebugMon_Handler                         0x080005a5   Thumb Code     2  stm32f10x_it.o(i.DebugMon_Handler)
    Delay_ms                                 0x080005a7   Thumb Code    24  bsp_systick.o(i.Delay_ms)
    Delay_us                                 0x080005c1   Thumb Code    28  bsp_systick.o(i.Delay_us)
    GPIO_Configuration                       0x080005e1   Thumb Code    32  dsp_adc.o(i.GPIO_Configuration)
    GPIO_Init                                0x08000605   Thumb Code   166  stm32f10x_gpio.o(i.GPIO_Init)
    GPIO_ReadInputDataBit                    0x080006ab   Thumb Code    14  stm32f10x_gpio.o(i.GPIO_ReadInputDataBit)
    GPIO_ResetBits                           0x080006b9   Thumb Code     4  stm32f10x_gpio.o(i.GPIO_ResetBits)
    GPIO_SetBits                             0x080006bd   Thumb Code     4  stm32f10x_gpio.o(i.GPIO_SetBits)
    GPIO_WriteBit                            0x080006c1   Thumb Code    12  stm32f10x_gpio.o(i.GPIO_WriteBit)
    GSM_Init                                 0x080006cd   Thumb Code   144  bsp_gsm_gprs.o(i.GSM_Init)
    GSM_Sent                                 0x080008ad   Thumb Code   122  bsp_gsm_gprs.o(i.GSM_Sent)
    GSM_USART_Config                         0x080009b9   Thumb Code   134  bsp_gsm_usart.o(i.GSM_USART_Config)
    GSM_USART_printf                         0x08000a49   Thumb Code   228  bsp_gsm_usart.o(i.GSM_USART_printf)
    GetSmokeDensity                          0x08000b31   Thumb Code    46  dsp_adc.o(i.GetSmokeDensity)
    HardFault_Handler                        0x08000b65   Thumb Code     2  stm32f10x_it.o(i.HardFault_Handler)
    Init_Smoke                               0x08000b67   Thumb Code    14  dsp_adc.o(i.Init_Smoke)
    IsASSIC                                  0x08000b75   Thumb Code    22  bsp_gsm_gprs.o(i.IsASSIC)
    IsInsertCard                             0x08000b8d   Thumb Code    20  bsp_gsm_gprs.o(i.IsInsertCard)
    KEY1_Scan                                0x08000bb1   Thumb Code   222  bsp_key.o(i.KEY1_Scan)
    KEY2_Scan                                0x08000cb1   Thumb Code   150  bsp_key.o(i.KEY2_Scan)
    KEY_GPIO_Config                          0x08000d59   Thumb Code    84  bsp_key.o(i.KEY_GPIO_Config)
    LED_GPIO_Config                          0x08000db5   Thumb Code    68  bsp_led.o(i.LED_GPIO_Config)
    LED_TURN_BLUE                            0x08000dfd   Thumb Code    32  bsp_led.o(i.LED_TURN_BLUE)
    LED_TURN_GREEN                           0x08000e21   Thumb Code    32  bsp_led.o(i.LED_TURN_GREEN)
    LED_TURN_RED                             0x08000e45   Thumb Code    32  bsp_led.o(i.LED_TURN_RED)
    MemManage_Handler                        0x08000e69   Thumb Code     2  stm32f10x_it.o(i.MemManage_Handler)
    Mode_Change                              0x08000e6d   Thumb Code    90  lhj_oled.o(i.Mode_Change)
    Motor_Init                               0x08000ecd   Thumb Code    40  bell.o(i.Motor_Init)
    NMI_Handler                              0x08000ef9   Thumb Code     2  stm32f10x_it.o(i.NMI_Handler)
    NVIC_Init                                0x08000f25   Thumb Code    96  misc.o(i.NVIC_Init)
    NVIC_PriorityGroupConfig                 0x08000f89   Thumb Code    10  misc.o(i.NVIC_PriorityGroupConfig)
    OLED                                     0x08000f9d   Thumb Code    26  main.o(i.OLED)
    OLED_Clear                               0x08000fb7   Thumb Code    38  lhj_oled.o(i.OLED_Clear)
    OLED_I2C_Init                            0x08000fdd   Thumb Code    74  lhj_oled.o(i.OLED_I2C_Init)
    OLED_I2C_SendByte                        0x0800102d   Thumb Code    78  lhj_oled.o(i.OLED_I2C_SendByte)
    OLED_I2C_Start                           0x08001081   Thumb Code    48  lhj_oled.o(i.OLED_I2C_Start)
    OLED_I2C_Stop                            0x080010b5   Thumb Code    38  lhj_oled.o(i.OLED_I2C_Stop)
    OLED_Init                                0x080010e1   Thumb Code   172  lhj_oled.o(i.OLED_Init)
    OLED_Pow                                 0x0800118d   Thumb Code    16  lhj_oled.o(i.OLED_Pow)
    OLED_SHOW1                               0x0800119d   Thumb Code   196  lhj_oled.o(i.OLED_SHOW1)
    OLED_SHOW_SET                            0x08001261   Thumb Code   156  lhj_oled.o(i.OLED_SHOW_SET)
    OLED_SetCursor                           0x080012fd   Thumb Code    34  lhj_oled.o(i.OLED_SetCursor)
    OLED_ShowChar                            0x08001321   Thumb Code    82  lhj_oled.o(i.OLED_ShowChar)
    OLED_ShowChinese                         0x08001379   Thumb Code    92  lhj_oled.o(i.OLED_ShowChinese)
    OLED_ShowNum                             0x080013d9   Thumb Code    64  lhj_oled.o(i.OLED_ShowNum)
    OLED_WriteCommand                        0x08001419   Thumb Code    34  lhj_oled.o(i.OLED_WriteCommand)
    OLED_WriteData                           0x0800143b   Thumb Code    34  lhj_oled.o(i.OLED_WriteData)
    PendSV_Handler                           0x0800145d   Thumb Code     2  stm32f10x_it.o(i.PendSV_Handler)
    RCC_APB1PeriphClockCmd                   0x08001461   Thumb Code    22  stm32f10x_rcc.o(i.RCC_APB1PeriphClockCmd)
    RCC_APB2PeriphClockCmd                   0x0800147d   Thumb Code    22  stm32f10x_rcc.o(i.RCC_APB2PeriphClockCmd)
    RCC_GetClocksFreq                        0x08001499   Thumb Code   154  stm32f10x_rcc.o(i.RCC_GetClocksFreq)
    SDIO_ClearITPendingBit                   0x08001545   Thumb Code     6  stm32f10x_sdio.o(i.SDIO_ClearITPendingBit)
    SDIO_IRQHandler                          0x08001551   Thumb Code     4  stm32f10x_it.o(i.SDIO_IRQHandler)
    SDIO_ITConfig                            0x08001555   Thumb Code    22  stm32f10x_sdio.o(i.SDIO_ITConfig)
    SD_ProcessIRQSrc                         0x08001571   Thumb Code    60  bsp_sdio_sdcard.o(i.SD_ProcessIRQSrc)
    SVC_Handler                              0x080015b5   Thumb Code     2  stm32f10x_it.o(i.SVC_Handler)
    Select_change                            0x080015b9   Thumb Code    58  lhj_oled.o(i.Select_change)
    SysTick_Handler                          0x080016ad   Thumb Code     4  stm32f10x_it.o(i.SysTick_Handler)
    SysTick_Init                             0x080016b1   Thumb Code    62  bsp_systick.o(i.SysTick_Init)
    SystemInit                               0x080016fd   Thumb Code    64  system_stm32f10x.o(i.SystemInit)
    TimingDelay_Decrement                    0x0800174d   Thumb Code    16  bsp_systick.o(i.TimingDelay_Decrement)
    USART1_IRQHandler                        0x08001761   Thumb Code    38  stm32f10x_it.o(i.USART1_IRQHandler)
    USART2_IRQHandler                        0x08001791   Thumb Code     4  stm32f10x_it.o(i.USART2_IRQHandler)
    USART_Cmd                                0x08001795   Thumb Code    24  stm32f10x_usart.o(i.USART_Cmd)
    USART_Config                             0x080017ad   Thumb Code   138  bsp_usart.o(i.USART_Config)
    USART_GetFlagStatus                      0x08001841   Thumb Code    14  stm32f10x_usart.o(i.USART_GetFlagStatus)
    USART_GetITStatus                        0x0800184f   Thumb Code    64  stm32f10x_usart.o(i.USART_GetITStatus)
    USART_ITConfig                           0x0800188f   Thumb Code    54  stm32f10x_usart.o(i.USART_ITConfig)
    USART_Init                               0x080018c5   Thumb Code   182  stm32f10x_usart.o(i.USART_Init)
    USART_ReceiveData                        0x08001981   Thumb Code     8  stm32f10x_usart.o(i.USART_ReceiveData)
    USART_SendData                           0x08001989   Thumb Code     8  stm32f10x_usart.o(i.USART_SendData)
    UsageFault_Handler                       0x08001991   Thumb Code     2  stm32f10x_it.o(i.UsageFault_Handler)
    Warm_unlock                              0x08001995   Thumb Code   116  bell.o(i.Warm_unlock)
    Warming_Scan                             0x08001a29   Thumb Code   178  bell.o(i.Warming_Scan)
    __0printf$3                              0x08001b09   Thumb Code    22  printf3.o(i.__0printf$3)
    __1printf$3                              0x08001b09   Thumb Code     0  printf3.o(i.__0printf$3)
    __2printf                                0x08001b09   Thumb Code     0  printf3.o(i.__0printf$3)
    __0sprintf$3                             0x08001b29   Thumb Code    34  printf3.o(i.__0sprintf$3)
    __1sprintf$3                             0x08001b29   Thumb Code     0  printf3.o(i.__0sprintf$3)
    __2sprintf                               0x08001b29   Thumb Code     0  printf3.o(i.__0sprintf$3)
    __scatterload_copy                       0x08001b51   Thumb Code    14  handlers.o(i.__scatterload_copy)
    __scatterload_null                       0x08001b5f   Thumb Code     2  handlers.o(i.__scatterload_null)
    __scatterload_zeroinit                   0x08001b61   Thumb Code    14  handlers.o(i.__scatterload_zeroinit)
    bell                                     0x08001d35   Thumb Code    38  bell.o(i.bell)
    bell_off                                 0x08001d61   Thumb Code     8  bell.o(i.bell_off)
    bell_on                                  0x08001d6d   Thumb Code     8  bell.o(i.bell_on)
    bsp_GSM_USART_IRQHandler                 0x08001d79   Thumb Code    46  bsp_gsm_usart.o(i.bsp_GSM_USART_IRQHandler)
    clean_rebuff                             0x08001db5   Thumb Code    26  bsp_gsm_usart.o(i.clean_rebuff)
    dht11_analyse                            0x08001dd9   Thumb Code     2  bsp_dht11.o(i.dht11_analyse)
    ff_convert                               0x08001ddd   Thumb Code    78  cc936.o(i.ff_convert)
    fputc                                    0x08001e35   Thumb Code    30  bsp_usart.o(i.fputc)
    get_rebuff                               0x08001e59   Thumb Code    10  bsp_gsm_usart.o(i.get_rebuff)
    gsm_char2hex                             0x08001e6d   Thumb Code    36  bsp_gsm_gprs.o(i.gsm_char2hex)
    gsm_cmd                                  0x08001ea1   Thumb Code    42  bsp_gsm_gprs.o(i.gsm_cmd)
    gsm_cmd_check                            0x08001ed1   Thumb Code    70  bsp_gsm_gprs.o(i.gsm_cmd_check)
    gsm_gbk2ucs2hex                          0x08001f17   Thumb Code    84  bsp_gsm_gprs.o(i.gsm_gbk2ucs2hex)
    gsm_sms                                  0x08001f6d   Thumb Code   224  bsp_gsm_gprs.o(i.gsm_sms)
    led_change                               0x08002105   Thumb Code    46  bsp_led.o(i.led_change)
    line_one_show                            0x08002139   Thumb Code    70  lhj_oled.o(i.line_one_show)
    line_three_show                          0x08002189   Thumb Code    76  lhj_oled.o(i.line_three_show)
    line_two_show                            0x080021dd   Thumb Code    70  lhj_oled.o(i.line_two_show)
    main                                     0x0800222d   Thumb Code    90  main.o(i.main)
    sentmessage                              0x080022b1   Thumb Code    24  bell.o(i.sentmessage)
    super_smoke                              0x080022cd   Thumb Code    26  dsp_adc.o(i.super_smoke)
    warm_state_change                        0x080022ed   Thumb Code    34  bsp_led.o(i.warm_state_change)
    num                                      0x08002318   Data          12  bsp_gsm_gprs.o(.constdata)
    OLED_F8x16                               0x08002324   Data        1520  lhj_oled.o(.constdata)
    Font_Chinese                             0x08002914   Data        5888  lhj_oled.o(.constdata)
    Region$$Table$$Base                      0x0802ed64   Number         0  anon$$obj.o(Region$$Table)
    Region$$Table$$Limit                     0x0802ed84   Number         0  anon$$obj.o(Region$$Table)
    SystemCoreClock                          0x20000000   Data           4  system_stm32f10x.o(.data)
    AHBPrescTable                            0x20000004   Data          16  system_stm32f10x.o(.data)
    TransferError                            0x20000028   Data           1  bsp_sdio_sdcard.o(.data)
    StopCondition                            0x20000034   Data           4  bsp_sdio_sdcard.o(.data)
    TransferEnd                              0x20000038   Data           4  bsp_sdio_sdcard.o(.data)
    Key_State_2                              0x20000040   Data           1  bsp_key.o(.data)
    Key_State_1                              0x20000041   Data           1  bsp_key.o(.data)
    TimeCont_1                               0x20000042   Data           1  bsp_key.o(.data)
    TimeCont_2                               0x20000043   Data           1  bsp_key.o(.data)
    lock_bell                                0x20000044   Data           1  bsp_key.o(.data)
    testCard                                 0x20000048   Data           1  bsp_gsm_gprs.o(.data)
    uart_p                                   0x20000049   Data           1  bsp_gsm_usart.o(.data)
    smokeDensity                             0x2000004c   Data           2  dsp_adc.o(.data)
    smoke_count                              0x20000050   Data           4  dsp_adc.o(.data)
    warm_lock                                0x20000054   Data           1  bell.o(.data)
    warm_part                                0x20000055   Data           1  bell.o(.data)
    show_tmp                                 0x20000056   Data           1  bsp_dht11.o(.data)
    show_humi                                0x20000057   Data           1  bsp_dht11.o(.data)
    Warm_state                               0x20000058   Data           1  bsp_led.o(.data)
    select_line                              0x2000005c   Data           1  lhj_oled.o(.data)
    temperature_thresholed                   0x2000005d   Data           1  lhj_oled.o(.data)
    humidity_threshold                       0x2000005e   Data           1  lhj_oled.o(.data)
    gas_threshold                            0x2000005f   Data           1  lhj_oled.o(.data)
    mode                                     0x20000060   Data           4  lhj_oled.o(.data)
    __stdout                                 0x20000064   Data           4  stdout.o(.data)
    sms_message                              0x20000068   Data         100  bsp_gsm_gprs.o(.bss)
    uart_buff                                0x200000cc   Data         255  bsp_gsm_usart.o(.bss)
    __initial_sp                             0x200009d0   Data           0  startup_stm32f10x_hd.o(STACK)



==============================================================================

Memory Map of the image

  Image Entry point : 0x08000131

  Load Region LR_IROM1 (Base: 0x08000000, Size: 0x0002edec, Max: 0x00080000, ABSOLUTE)

    Execution Region ER_IROM1 (Base: 0x08000000, Size: 0x0002ed84, Max: 0x00080000, ABSOLUTE)

    Base Addr    Size         Type   Attr      Idx    E Section Name        Object

    0x08000000   0x00000130   Data   RO            3    RESET               startup_stm32f10x_hd.o
    0x08000130   0x00000000   Code   RO         4613  * .ARM.Collect$$$$00000000  mc_w.l(entry.o)
    0x08000130   0x00000004   Code   RO         4899    .ARM.Collect$$$$00000001  mc_w.l(entry2.o)
    0x08000134   0x00000004   Code   RO         4902    .ARM.Collect$$$$00000004  mc_w.l(entry5.o)
    0x08000138   0x00000000   Code   RO         4904    .ARM.Collect$$$$00000008  mc_w.l(entry7b.o)
    0x08000138   0x00000000   Code   RO         4906    .ARM.Collect$$$$0000000A  mc_w.l(entry8b.o)
    0x08000138   0x00000008   Code   RO         4907    .ARM.Collect$$$$0000000B  mc_w.l(entry9a.o)
    0x08000140   0x00000000   Code   RO         4909    .ARM.Collect$$$$0000000D  mc_w.l(entry10a.o)
    0x08000140   0x00000000   Code   RO         4911    .ARM.Collect$$$$0000000F  mc_w.l(entry11a.o)
    0x08000140   0x00000004   Code   RO         4900    .ARM.Collect$$$$00002712  mc_w.l(entry2.o)
    0x08000144   0x00000020   Code   RO           10    .emb_text           core_cm3.o
    0x08000164   0x00000024   Code   RO            4    .text               startup_stm32f10x_hd.o
    0x08000188   0x00000012   Code   RO         4622    .text               mc_w.l(strcpy.o)
    0x0800019a   0x0000002c   Code   RO         4914    .text               mc_w.l(uidiv.o)
    0x080001c6   0x00000002   PAD
    0x080001c8   0x00000024   Code   RO         4940    .text               mc_w.l(init.o)
    0x080001ec   0x00000018   Code   RO          135    i.ADC_Cmd           stm32f10x_adc.o
    0x08000204   0x00000060   Code   RO         3919    i.ADC_Configuration  dsp_adc.o
    0x08000264   0x0000000e   Code   RO          143    i.ADC_GetCalibrationStatus  stm32f10x_adc.o
    0x08000272   0x00000006   Code   RO          144    i.ADC_GetConversionValue  stm32f10x_adc.o
    0x08000278   0x0000000e   Code   RO          146    i.ADC_GetFlagStatus  stm32f10x_adc.o
    0x08000286   0x0000000e   Code   RO          149    i.ADC_GetResetCalibrationStatus  stm32f10x_adc.o
    0x08000294   0x00000048   Code   RO          153    i.ADC_Init          stm32f10x_adc.o
    0x080002dc   0x00000074   Code   RO          157    i.ADC_RegularChannelConfig  stm32f10x_adc.o
    0x08000350   0x0000000a   Code   RO          158    i.ADC_ResetCalibration  stm32f10x_adc.o
    0x0800035a   0x00000018   Code   RO          160    i.ADC_SoftwareStartConvCmd  stm32f10x_adc.o
    0x08000372   0x0000000a   Code   RO          162    i.ADC_StartCalibration  stm32f10x_adc.o
    0x0800037c   0x00000002   Code   RO         3185    i.BusFault_Handler  stm32f10x_it.o
    0x0800037e   0x00000002   PAD
    0x08000380   0x00000024   Code   RO         4075    i.CPU_TS_TmrInit    core_delay.o
    0x080003a4   0x0000000c   Code   RO         4076    i.CPU_TS_TmrRd      core_delay.o
    0x080003b0   0x00000048   Code   RO         4077    i.CPU_TS_Tmr_Delay_US  core_delay.o
    0x080003f8   0x0000001c   Code   RO         3270    i.CmdResp1Error     bsp_sdio_sdcard.o
    0x08000414   0x0000002c   Code   RO         4025    i.DHT11_GPIO_Config  bsp_dht11.o
    0x08000440   0x00000018   Code   RO         4026    i.DHT11_Init        bsp_dht11.o
    0x08000458   0x0000001c   Code   RO         4027    i.DHT11_Mode_IPU    bsp_dht11.o
    0x08000474   0x00000024   Code   RO         4028    i.DHT11_Mode_Out_PP  bsp_dht11.o
    0x08000498   0x00000060   Code   RO         4029    i.DHT11_ReadByte    bsp_dht11.o
    0x080004f8   0x000000ac   Code   RO         4030    i.DHT11_Read_TempAndHumidity  bsp_dht11.o
    0x080005a4   0x00000002   Code   RO         3186    i.DebugMon_Handler  stm32f10x_it.o
    0x080005a6   0x00000018   Code   RO         3552    i.Delay_ms          bsp_systick.o
    0x080005be   0x00000002   PAD
    0x080005c0   0x00000020   Code   RO         3553    i.Delay_us          bsp_systick.o
    0x080005e0   0x00000024   Code   RO         3922    i.GPIO_Configuration  dsp_adc.o
    0x08000604   0x000000a6   Code   RO         1271    i.GPIO_Init         stm32f10x_gpio.o
    0x080006aa   0x0000000e   Code   RO         1275    i.GPIO_ReadInputDataBit  stm32f10x_gpio.o
    0x080006b8   0x00000004   Code   RO         1278    i.GPIO_ResetBits    stm32f10x_gpio.o
    0x080006bc   0x00000004   Code   RO         1279    i.GPIO_SetBits      stm32f10x_gpio.o
    0x080006c0   0x0000000c   Code   RO         1282    i.GPIO_WriteBit     stm32f10x_gpio.o
    0x080006cc   0x000001b8   Code   RO         3660    i.GSM_Init          bsp_gsm_gprs.o
    0x08000884   0x00000026   Code   RO         3862    i.GSM_NVIC_Config   bsp_gsm_usart.o
    0x080008aa   0x00000002   PAD
    0x080008ac   0x0000010c   Code   RO         3661    i.GSM_Sent          bsp_gsm_gprs.o
    0x080009b8   0x00000090   Code   RO         3863    i.GSM_USART_Config  bsp_gsm_usart.o
    0x08000a48   0x000000e8   Code   RO         3864    i.GSM_USART_printf  bsp_gsm_usart.o
    0x08000b30   0x00000034   Code   RO         3923    i.GetSmokeDensity   dsp_adc.o
    0x08000b64   0x00000002   Code   RO         3187    i.HardFault_Handler  stm32f10x_it.o
    0x08000b66   0x0000000e   Code   RO         3924    i.Init_Smoke        dsp_adc.o
    0x08000b74   0x00000016   Code   RO         3662    i.IsASSIC           bsp_gsm_gprs.o
    0x08000b8a   0x00000002   PAD
    0x08000b8c   0x00000024   Code   RO         3663    i.IsInsertCard      bsp_gsm_gprs.o
    0x08000bb0   0x00000100   Code   RO         3591    i.KEY1_Scan         bsp_key.o
    0x08000cb0   0x000000a8   Code   RO         3592    i.KEY2_Scan         bsp_key.o
    0x08000d58   0x0000005c   Code   RO         3593    i.KEY_GPIO_Config   bsp_key.o
    0x08000db4   0x00000048   Code   RO         4099    i.LED_GPIO_Config   bsp_led.o
    0x08000dfc   0x00000024   Code   RO         4100    i.LED_TURN_BLUE     bsp_led.o
    0x08000e20   0x00000024   Code   RO         4101    i.LED_TURN_GREEN    bsp_led.o
    0x08000e44   0x00000024   Code   RO         4102    i.LED_TURN_RED      bsp_led.o
    0x08000e68   0x00000002   Code   RO         3188    i.MemManage_Handler  stm32f10x_it.o
    0x08000e6a   0x00000002   PAD
    0x08000e6c   0x00000060   Code   RO         4145    i.Mode_Change       lhj_oled.o
    0x08000ecc   0x0000002c   Code   RO         3973    i.Motor_Init        bell.o
    0x08000ef8   0x00000002   Code   RO         3189    i.NMI_Handler       stm32f10x_it.o
    0x08000efa   0x00000028   Code   RO         3631    i.NVIC_Configuration  bsp_usart.o
    0x08000f22   0x00000002   PAD
    0x08000f24   0x00000064   Code   RO           89    i.NVIC_Init         misc.o
    0x08000f88   0x00000014   Code   RO           90    i.NVIC_PriorityGroupConfig  misc.o
    0x08000f9c   0x0000001a   Code   RO         3109    i.OLED              main.o
    0x08000fb6   0x00000026   Code   RO         4146    i.OLED_Clear        lhj_oled.o
    0x08000fdc   0x00000050   Code   RO         4148    i.OLED_I2C_Init     lhj_oled.o
    0x0800102c   0x00000054   Code   RO         4149    i.OLED_I2C_SendByte  lhj_oled.o
    0x08001080   0x00000034   Code   RO         4150    i.OLED_I2C_Start    lhj_oled.o
    0x080010b4   0x0000002c   Code   RO         4151    i.OLED_I2C_Stop     lhj_oled.o
    0x080010e0   0x000000ac   Code   RO         4152    i.OLED_Init         lhj_oled.o
    0x0800118c   0x00000010   Code   RO         4153    i.OLED_Pow          lhj_oled.o
    0x0800119c   0x000000c4   Code   RO         4154    i.OLED_SHOW1        lhj_oled.o
    0x08001260   0x0000009c   Code   RO         4155    i.OLED_SHOW_SET     lhj_oled.o
    0x080012fc   0x00000022   Code   RO         4156    i.OLED_SetCursor    lhj_oled.o
    0x0800131e   0x00000002   PAD
    0x08001320   0x00000058   Code   RO         4158    i.OLED_ShowChar     lhj_oled.o
    0x08001378   0x00000060   Code   RO         4159    i.OLED_ShowChinese  lhj_oled.o
    0x080013d8   0x00000040   Code   RO         4163    i.OLED_ShowNum      lhj_oled.o
    0x08001418   0x00000022   Code   RO         4166    i.OLED_WriteCommand  lhj_oled.o
    0x0800143a   0x00000022   Code   RO         4167    i.OLED_WriteData    lhj_oled.o
    0x0800145c   0x00000002   Code   RO         3190    i.PendSV_Handler    stm32f10x_it.o
    0x0800145e   0x00000002   PAD
    0x08001460   0x0000001c   Code   RO         1696    i.RCC_APB1PeriphClockCmd  stm32f10x_rcc.o
    0x0800147c   0x0000001c   Code   RO         1698    i.RCC_APB2PeriphClockCmd  stm32f10x_rcc.o
    0x08001498   0x000000ac   Code   RO         1706    i.RCC_GetClocksFreq  stm32f10x_rcc.o
    0x08001544   0x0000000c   Code   RO         1989    i.SDIO_ClearITPendingBit  stm32f10x_sdio.o
    0x08001550   0x00000004   Code   RO         3191    i.SDIO_IRQHandler   stm32f10x_it.o
    0x08001554   0x0000001c   Code   RO         2004    i.SDIO_ITConfig     stm32f10x_sdio.o
    0x08001570   0x00000044   Code   RO         3295    i.SD_ProcessIRQSrc  bsp_sdio_sdcard.o
    0x080015b4   0x00000002   Code   RO         3192    i.SVC_Handler       stm32f10x_it.o
    0x080015b6   0x00000002   PAD
    0x080015b8   0x00000040   Code   RO         4168    i.Select_change     lhj_oled.o
    0x080015f8   0x00000004   Code   RO           24    i.SetSysClock       system_stm32f10x.o
    0x080015fc   0x000000b0   Code   RO           25    i.SetSysClockTo72   system_stm32f10x.o
    0x080016ac   0x00000004   Code   RO         3193    i.SysTick_Handler   stm32f10x_it.o
    0x080016b0   0x0000004c   Code   RO         3554    i.SysTick_Init      bsp_systick.o
    0x080016fc   0x00000050   Code   RO           27    i.SystemInit        system_stm32f10x.o
    0x0800174c   0x00000014   Code   RO         3555    i.TimingDelay_Decrement  bsp_systick.o
    0x08001760   0x00000030   Code   RO         3194    i.USART1_IRQHandler  stm32f10x_it.o
    0x08001790   0x00000004   Code   RO         3195    i.USART2_IRQHandler  stm32f10x_it.o
    0x08001794   0x00000018   Code   RO         2875    i.USART_Cmd         stm32f10x_usart.o
    0x080017ac   0x00000094   Code   RO         3632    i.USART_Config      bsp_usart.o
    0x08001840   0x0000000e   Code   RO         2878    i.USART_GetFlagStatus  stm32f10x_usart.o
    0x0800184e   0x00000040   Code   RO         2879    i.USART_GetITStatus  stm32f10x_usart.o
    0x0800188e   0x00000036   Code   RO         2881    i.USART_ITConfig    stm32f10x_usart.o
    0x080018c4   0x000000bc   Code   RO         2882    i.USART_Init        stm32f10x_usart.o
    0x08001980   0x00000008   Code   RO         2889    i.USART_ReceiveData  stm32f10x_usart.o
    0x08001988   0x00000008   Code   RO         2892    i.USART_SendData    stm32f10x_usart.o
    0x08001990   0x00000002   Code   RO         3196    i.UsageFault_Handler  stm32f10x_it.o
    0x08001992   0x00000002   PAD
    0x08001994   0x00000094   Code   RO         3974    i.Warm_unlock       bell.o
    0x08001a28   0x000000e0   Code   RO         3975    i.Warming_Scan      bell.o
    0x08001b08   0x00000020   Code   RO         4719    i.__0printf$3       mc_w.l(printf3.o)
    0x08001b28   0x00000028   Code   RO         4721    i.__0sprintf$3      mc_w.l(printf3.o)
    0x08001b50   0x0000000e   Code   RO         4984    i.__scatterload_copy  mc_w.l(handlers.o)
    0x08001b5e   0x00000002   Code   RO         4985    i.__scatterload_null  mc_w.l(handlers.o)
    0x08001b60   0x0000000e   Code   RO         4986    i.__scatterload_zeroinit  mc_w.l(handlers.o)
    0x08001b6e   0x00000002   PAD
    0x08001b70   0x000001b8   Code   RO         4726    i._printf_core      mc_w.l(printf3.o)
    0x08001d28   0x0000000a   Code   RO         4728    i._sputc            mc_w.l(printf3.o)
    0x08001d32   0x00000002   PAD
    0x08001d34   0x0000002c   Code   RO         3976    i.bell              bell.o
    0x08001d60   0x0000000c   Code   RO         3977    i.bell_off          bell.o
    0x08001d6c   0x0000000c   Code   RO         3978    i.bell_on           bell.o
    0x08001d78   0x0000003c   Code   RO         3865    i.bsp_GSM_USART_IRQHandler  bsp_gsm_usart.o
    0x08001db4   0x00000024   Code   RO         3866    i.clean_rebuff      bsp_gsm_usart.o
    0x08001dd8   0x00000002   Code   RO         4031    i.dht11_analyse     bsp_dht11.o
    0x08001dda   0x00000002   PAD
    0x08001ddc   0x00000058   Code   RO         4584    i.ff_convert        cc936.o
    0x08001e34   0x00000024   Code   RO         3634    i.fputc             bsp_usart.o
    0x08001e58   0x00000014   Code   RO         3867    i.get_rebuff        bsp_gsm_usart.o
    0x08001e6c   0x00000034   Code   RO         3668    i.gsm_char2hex      bsp_gsm_gprs.o
    0x08001ea0   0x00000030   Code   RO         3669    i.gsm_cmd           bsp_gsm_gprs.o
    0x08001ed0   0x00000046   Code   RO         3670    i.gsm_cmd_check     bsp_gsm_gprs.o
    0x08001f16   0x00000054   Code   RO         3673    i.gsm_gbk2ucs2hex   bsp_gsm_gprs.o
    0x08001f6a   0x00000002   PAD
    0x08001f6c   0x0000013c   Code   RO         3681    i.gsm_sms           bsp_gsm_gprs.o
    0x080020a8   0x0000005c   Code   RO         3868    i.itoa              bsp_gsm_usart.o
    0x08002104   0x00000034   Code   RO         4103    i.led_change        bsp_led.o
    0x08002138   0x00000050   Code   RO         4170    i.line_one_show     lhj_oled.o
    0x08002188   0x00000054   Code   RO         4171    i.line_three_show   lhj_oled.o
    0x080021dc   0x00000050   Code   RO         4172    i.line_two_show     lhj_oled.o
    0x0800222c   0x00000084   Code   RO         3110    i.main              main.o
    0x080022b0   0x0000001c   Code   RO         3979    i.sentmessage       bell.o
    0x080022cc   0x00000020   Code   RO         3925    i.super_smoke       dsp_adc.o
    0x080022ec   0x0000002c   Code   RO         4104    i.warm_state_change  bsp_led.o
    0x08002318   0x0000000c   Data   RO         3690    .constdata          bsp_gsm_gprs.o
    0x08002324   0x00001cf0   Data   RO         4173    .constdata          lhj_oled.o
    0x08004014   0x0002acc8   Data   RO         4586    .constdata          cc936.o
    0x0802ecdc   0x00000088   Data   RO         3714    .conststring        bsp_gsm_gprs.o
    0x0802ed64   0x00000020   Data   RO         4982    Region$$Table       anon$$obj.o


    Execution Region RW_IRAM1 (Base: 0x20000000, Size: 0x000009d0, Max: 0x00010000, ABSOLUTE)

    Base Addr    Size         Type   Attr      Idx    E Section Name        Object

    0x20000000   0x00000014   Data   RW           28    .data               system_stm32f10x.o
    0x20000014   0x00000014   Data   RW         1726    .data               stm32f10x_rcc.o
    0x20000028   0x00000014   Data   RW         3308    .data               bsp_sdio_sdcard.o
    0x2000003c   0x00000004   Data   RW         3556    .data               bsp_systick.o
    0x20000040   0x00000007   Data   RW         3596    .data               bsp_key.o
    0x20000047   0x00000002   Data   RW         3715    .data               bsp_gsm_gprs.o
    0x20000049   0x00000001   Data   RW         3870    .data               bsp_gsm_usart.o
    0x2000004a   0x00000002   PAD
    0x2000004c   0x00000008   Data   RW         3926    .data               dsp_adc.o
    0x20000054   0x00000002   Data   RW         3980    .data               bell.o
    0x20000056   0x00000002   Data   RW         4032    .data               bsp_dht11.o
    0x20000058   0x00000001   Data   RW         4105    .data               bsp_led.o
    0x20000059   0x00000003   PAD
    0x2000005c   0x00000008   Data   RW         4174    .data               lhj_oled.o
    0x20000064   0x00000004   Data   RW         4913    .data               mc_w.l(stdout.o)
    0x20000068   0x00000064   Zero   RW         3689    .bss                bsp_gsm_gprs.o
    0x200000cc   0x000000ff   Zero   RW         3869    .bss                bsp_gsm_usart.o
    0x200001cb   0x00000005   PAD
    0x200001d0   0x00000800   Zero   RW            1    STACK               startup_stm32f10x_hd.o


==============================================================================

Image component sizes


      Code (inc. data)   RO Data    RW Data    ZI Data      Debug   Object Name

       512        100          0          2          0       3990   bell.o
       402         36          0          2          0       4555   bsp_dht11.o
      1336        572        148          2        100       7624   bsp_gsm_gprs.o
       622         48          0          1        255       5944   bsp_gsm_usart.o
       516         60          0          7          0       2404   bsp_key.o
       276         32          0          1          0       3392   bsp_led.o
        96         12          0         20          0      10304   bsp_sdio_sdcard.o
       152         22          0          4          0      17868   bsp_systick.o
       224         16          0          0          0       1699   bsp_usart.o
        88         10     175304          0          0       2615   cc936.o
        32          0          0          0          0       5080   core_cm3.o
       120         26          0          0          0       1618   core_delay.o
       230         20          0          8          0       2937   dsp_adc.o
      1592         72       7408          8          0      12920   lhj_oled.o
       158         42          0          0          0       3710   main.o
       120         14          0          0          0       1671   misc.o
        36          8        304          0       2048        880   startup_stm32f10x_hd.o
       304         10          0          0          0      17681   stm32f10x_adc.o
       200          0          0          0          0       4492   stm32f10x_gpio.o
        76         10          0          0          0       5564   stm32f10x_it.o
       228         30          0         20          0       4758   stm32f10x_rcc.o
        40         12          0          0          0       1141   stm32f10x_sdio.o
       360          6          0          0          0       6681   stm32f10x_usart.o
       260         26          0         20          0     239829   system_stm32f10x.o

    ----------------------------------------------------------------------
      8004       1184     183196        100       2408     369357   Object Totals
         0          0         32          0          0          0   (incl. Generated)
        24          0          0          5          5          0   (incl. Padding)

    ----------------------------------------------------------------------

      Code (inc. data)   RO Data    RW Data    ZI Data      Debug   Library Member Name

         0          0          0          0          0          0   entry.o
         0          0          0          0          0          0   entry10a.o
         0          0          0          0          0          0   entry11a.o
         8          4          0          0          0          0   entry2.o
         4          0          0          0          0          0   entry5.o
         0          0          0          0          0          0   entry7b.o
         0          0          0          0          0          0   entry8b.o
         8          4          0          0          0          0   entry9a.o
        30          0          0          0          0          0   handlers.o
        36          8          0          0          0         68   init.o
       522         20          0          0          0        336   printf3.o
         0          0          0          4          0          0   stdout.o
        18          0          0          0          0         68   strcpy.o
        44          0          0          0          0         80   uidiv.o

    ----------------------------------------------------------------------
       676         36          0          4          0        552   Library Totals
         6          0          0          0          0          0   (incl. Padding)

    ----------------------------------------------------------------------

      Code (inc. data)   RO Data    RW Data    ZI Data      Debug   Library Name

       670         36          0          4          0        552   mc_w.l

    ----------------------------------------------------------------------
       676         36          0          4          0        552   Library Totals

    ----------------------------------------------------------------------

==============================================================================


      Code (inc. data)   RO Data    RW Data    ZI Data      Debug   

      8680       1220     183196        104       2408     363613   Grand Totals
      8680       1220     183196        104       2408     363613   ELF Image Totals
      8680       1220     183196        104          0          0   ROM Totals

==============================================================================

    Total RO  Size (Code + RO Data)               191876 ( 187.38kB)
    Total RW  Size (RW Data + ZI Data)              2512 (   2.45kB)
    Total ROM Size (Code + RO Data + RW Data)     191980 ( 187.48kB)

==============================================================================

